2023.05.19.05.45.46 [DEBUG]: ZROOT: /proj/sdxbf/emhw 
2023.05.19.05.45.46 [INFO]: RUN: zboard run-test -m jtag_dual_linux -i ./sd_card.img -e ./run_script.sh
2023.05.19.05.45.46 [INFO]: HOST: xcosdae339
2023.05.19.05.45.46 [DEBUG]: Sending metrics to graphite...
2023.05.19.05.45.46 [DEBUG]: xco.vbf.embedded.xcosdae339.vck190.started 1 1684496746

2023.05.19.05.45.46 [DEBUG]: b'olOn 14\r\nE000: Success\r\n\r\n'
2023.05.19.05.45.50 [INFO]: Power ON complete.
2023.05.19.05.45.50 [INFO]: Detecting serial port for board...
2023.05.19.05.45.50 [INFO]: Serial port: /dev/ttyUSB1
2023.05.19.05.45.50 [INFO]: Testing on vck190
2023.05.19.05.45.50 [INFO]: Starting Jtag test on board.
2023.05.19.05.45.50 [INFO]: Serial console is not busy
2023.05.19.05.45.50 [INFO]: Try 1
2023.05.19.05.45.50 [DEBUG]: b'olOff 14\r\nE000: Success\r\n\r\n'
2023.05.19.05.45.56 [DEBUG]: b'olOn 14\r\nE000: Success\r\n\r\n'
2023.05.19.05.45.59 [INFO]: Power cycling complete.
2023.05.19.05.45.59 [DEBUG]: Connecting to serial device /dev/ttyUSB3 115200...
2023.05.19.05.45.59 [DEBUG]: Serial read timeout set to 0.5
2023.05.19.05.45.59 [DEBUG]: Connected.
2023.05.19.05.46.23 [INFO]: found Board Framework prompt, try to get linux...
2023.05.19.05.46.29 [INFO]: Got system controller prompt!
2023.05.19.05.46.29 [INFO]: Setting bootmode to jtag
2023.05.19.05.46.29 [DEBUG]: Connecting to serial device /dev/ttyUSB3 115200...
2023.05.19.05.46.29 [DEBUG]: Serial read timeout set to 0.5
2023.05.19.05.46.29 [DEBUG]: Connected.
2023.05.19.05.46.46 [INFO]: Looking for Versal> in boot
2023.05.19.05.46.46 [DEBUG]: Connecting to serial device /dev/ttyUSB1 115200...
2023.05.19.05.46.46 [DEBUG]: Serial read timeout set to 5
2023.05.19.05.46.46 [DEBUG]: Connected.
2023.05.19.05.46.55 [DEBUG]: [SERIAL] dhcp
2023.05.19.05.47.00 [DEBUG]: [SERIAL] 
2023.05.19.05.47.06 [DEBUG]: [SERIAL] 
2023.05.19.05.47.11 [DEBUG]: [SERIAL] 
2023.05.19.05.47.17 [DEBUG]: [SERIAL] 
2023.05.19.05.47.22 [DEBUG]: [SERIAL] 
2023.05.19.05.47.28 [DEBUG]: [SERIAL] 
2023.05.19.05.47.34 [DEBUG]: [SERIAL] 
2023.05.19.05.47.39 [DEBUG]: [SERIAL] 
2023.05.19.05.47.45 [DEBUG]: [SERIAL] 
2023.05.19.05.47.50 [DEBUG]: [SERIAL] 
2023.05.19.05.47.56 [DEBUG]: [SERIAL] 
2023.05.19.05.48.01 [DEBUG]: [SERIAL] 
2023.05.19.05.48.07 [DEBUG]: [SERIAL] 
2023.05.19.05.48.12 [DEBUG]: [SERIAL] 
2023.05.19.05.48.18 [DEBUG]: [SERIAL] 
2023.05.19.05.48.23 [DEBUG]: [SERIAL] 
2023.05.19.05.48.29 [DEBUG]: [SERIAL] 
2023.05.19.05.48.34 [DEBUG]: [SERIAL] 
2023.05.19.05.48.40 [DEBUG]: [SERIAL] 
2023.05.19.05.48.41 [DEBUG]: b'olOff 14\r\nE000: Success\r\n\r\n'
2023.05.19.05.48.44 [INFO]: Power OFF complete.
2023.05.19.05.48.44 [INFO]: Try 2
2023.05.19.05.48.45 [DEBUG]: b'olOff 14\r\nE000: Success\r\n\r\n'
2023.05.19.05.48.50 [DEBUG]: b'olOn 14\r\nE000: Success\r\n\r\n'
2023.05.19.05.48.53 [INFO]: Power cycling complete.
2023.05.19.05.48.53 [DEBUG]: Connecting to serial device /dev/ttyUSB3 115200...
2023.05.19.05.48.53 [DEBUG]: Serial read timeout set to 0.5
2023.05.19.05.48.53 [DEBUG]: Connected.
2023.05.19.05.49.16 [INFO]: found Board Framework prompt, try to get linux...
2023.05.19.05.49.23 [INFO]: Got system controller prompt!
2023.05.19.05.49.23 [INFO]: Setting bootmode to jtag
2023.05.19.05.49.23 [DEBUG]: Connecting to serial device /dev/ttyUSB3 115200...
2023.05.19.05.49.23 [DEBUG]: Serial read timeout set to 0.5
2023.05.19.05.49.23 [DEBUG]: Connected.
2023.05.19.05.49.39 [INFO]: Looking for Versal> in boot
2023.05.19.05.49.48 [DEBUG]: [SERIAL] .190]Platform Version: v2.0 PMC: v2.0, PS: v2.0
[0.256]BOOTMODE: 0x0, MULTIBOOT: 0x0
[0.310]****************************************
[0.543]Non Secure Boot
[3.481]PLM Initialization Time 
[3.531]***********Boot PDI Load: Started***********
[3.594]Loading PDI from SBI
[3.642]Monolithic/Master Device
[3.740]0.120 ms: PDI initialization time
[3.798]+++Loading Image#: 0x1, Name: lpd, Id: 0x04210002
[3.867]---Loading Partition#: 0x1, Id: 0xC
[54.338] 50.383 ms for Partition#: 0x1, Size: 2848 Bytes
[59.226]---Loading Partition#: 0x2, Id: 0x0
[96.643] 33.522 ms for Partition#: 0x2, Size: 65440 Bytes
PSM Firmware version: 2022.2 [Build: Oct  7 2022 04:56:16 ] 
[104.249]+++Loading Image#: 0x2, Name: pl_cfi, Id: 0x18700000
[109.637]---Loading Partition#: 0x3, Id: 0x3
[830.424] 716.805 ms for Partition#: 0x3, Size: 1241520 Bytes
[833.025]---Loading Partition#: 0x4, Id: 0x5
[1625.312] 788.309 ms for Partition#: 0x4, Size: 1329088 Bytes
[1628.030]+++Loading Image#: 0x3, Name: aie_subsys, Id: 0x0421C005
[1633.843]---Loading Partition#: 0x5, Id: 0x7
[1640.724] 2.815 ms for Partition#: 0x5, Size: 672 Bytes
[1642.928]+++Loading Image#: 0x4, Name: fpd, Id: 0x0420C003
[1648.137]---Loading Partition#: 0x6, Id: 0x8
[1652.614] 0.412 ms for Partition#: 0x6, Size: 1360 Bytes
[1657.567]+++Loading Image#: 0x5, Name: apu_subsystem, Id: 0x1C000000
[1663.345]---Loading Partition#: 0x7, Id: 0x0
[1679.775] 12.364 ms for Partition#: 0x7, Size: 29504 Bytes
[1682.206]---Loading Partition#: 0x8, Id: 0x0
[1721.120] 34.850 ms for Partition#: 0x8, Size: 63440 Bytes
[1723.550]---Loading Partition#: 0x9, Id: 0x0
[2346.377] 618.761 ms for Partition#: 0x9, Size: 1068000 Bytes
[2349.141]***********Boot PDI Load: Done***********
[2353.656]43427.938 ms: ROM Time
[2356.544]Total PLM Boot Time 
NOTICE:  ATF running on Xilinx Versal Silicon
INFO:    BL31: GET_HANDOFF_PARAMS call success=0
INFO:    BL31: fsbl-atf handover success 0.
NOTICE:  BL31: Secure code at 0x0
NOTICE:  BL31: Non secure code at 0x8000000
NOTICE:  BL31: v2.6(debug):xlnx_rebase_v2.6_2022.1_update3-18-g0897efd45
NOTICE:  BL31: Built : 03:55:03, Sep  9 2022
INFO:    GICv3 with legacy support detected.
INFO:    ARM GICv3 driver initialized in EL3
INFO:    Maximum SPI INTID supported: 191
INFO:    BL31: Initializing runtime services
WARNING: BL31: cortex_a72: CPU workaround for 859971 was missing!
WARNING: BL31: cortex_a72: CPU workaround for 1319367 was missing!
INFO:    BL31: cortex_a72: CPU workaround for cve_2017_5715 was applied
INFO:    BL31: cortex_a72: CPU workaround for cve_2018_3639 was applied
INFO:    BL31: Preparing for EL3 exit to normal world
INFO:    Entry point address = 0x8000000
INFO:    SPSR = 0x3c9


U-Boot 2022.01 (Sep 20 2022 - 06:35:33 +0000)

CPU:   Versal
Silicon: v2
Model: Xilinx Versal vck190 Eval board revA
DRAM:  16 GiB
EL Level:	EL2
MMC:   mmc@f1050000: 0
Loading Environment from nowhere... OK
In:    serial@ff000000
Out:   serial@ff000000
Err:   serial@ff000000
Bootmode: JTAG_MODE
Net:   
ZYNQ GEM: ff0c0000, mdio bus ff0c0000, phyaddr 1, interface rgmii-id

Warning: ethernet@ff0c0000 (eth0) using random MAC address - 5e:61:82:ec:2d:71
eth0: ethernet@ff0c0000Get shared mii bus on ethernet@ff0d0000

ZYNQ GEM: ff0d0000, mdio bus ff0c0000, phyaddr 2, interface rgmii-id

Warning: ethernet@ff0d0000 (eth1) using random MAC address - 02:69:c4:d6:bd:af
, eth1: ethernet@ff0d0000
Hit any key to stop autoboot:  5  4  0 
Versal> dhcp
2023.05.19.05.49.55 [DEBUG]: [SERIAL] 
BOOTP broadcast 1
BOOTP broadcast 2
BOOTP broadcast 3
DHCP client bound to address 172.20.157.192 (1006 ms)
Using ethernet@ff0c0000 device
TFTP from server 172.20.49.128; our IP address is 172.20.157.192; sending through gateway 172.20.159.254
Filename 'pxelinux.0'.
Load address: 0x8000000
Loading: *T #
	 4.9 KiB/s
done
Bytes transferred = 26759 (6887 hex)
Versal> 
2023.05.19.05.49.55 [INFO]: Found Versal>! tftpBoot it
2023.05.19.05.49.57 [DEBUG]: TFTP Boot
2023.05.19.05.49.57 [DEBUG]: Image: /proj/sdxbf/emhw/board_data/vck190
2023.05.19.05.49.57 [DEBUG]: TFTP Server: 172.20.158.35
2023.05.19.05.49.57 [DEBUG]: Board MAC: 00:0A:35:07:6E:F4
2023.05.19.05.49.57 [DEBUG]: tftp boot...
2023.05.19.05.50.07 [DEBUG]: [SERIAL] h
?         - alias for 'help'
base      - print or set address offset
bdinfo    - print Board Info structure
blkcache  - block cache diagnostics and control
boot      - boot default, i.e., run 'bootcmd'
bootd     - boot default, i.e., run 'bootcmd'
bootefi   - Boots an EFI payload from memory
bootelf   - Boot from an ELF image in memory
booti     - boot Linux kernel 'Image' format from memory
bootm     - boot application image from memory
bootmenu  - ANSI terminal bootmenu
bootp     - boot image via network using BOOTP/TFTP protocol
bootvx    - Boot vxWorks from an ELF image
chpart    - change active partition of a MTD device
clk       - CLK sub-system
cmp       - memory compare
coninfo   - print console devices and information
cp        - memory copy
crc32     - checksum calculation
dcache    - enable or disable data cache
dfu       - Device Firmware Upgrade
dhcp      - boot image via network using DHCP/TFTP protocol
dm        - Driver model low level access
echo      - echo args to console
editenv   - edit environment variable
efidebug  - Configure UEFI environment
env       - environment handling commands
exit      - exit script
ext2load  - load binary file from a Ext2 filesystem
ext2ls    - list files in a directory (default /)
ext4load  - load binary file from a Ext4 filesystem
ext4ls    - list files in a directory (default /)
ext4size  - determine a file's size
ext4write - create a file in the root directory
false     - do nothing, unsuccessfully
fatinfo   - print information about filesystem
fatload   - load binary file from a dos filesystem
fatls     - list files in a directory (default /)
fatmkdir  - create a directory
fatrm     - delete a file
fatsize   - determine a file's size
fatwrite  - write file into a dos filesystem
fdt       - flattened device tree utility commands
fpga      - loadable FPGA image support
fru       - FRU table info
fstype    - Look up a filesystem type
fstypes   - List supported filesystem types
go        - start application at address 'addr'
gpio      - query and control gpio pins
gzwrite   - unzip and write memory to block device
help      - print command description/usage
i2c       - I2C sub-system
icache    - enable or disable instruction cache
iminfo    - print header information for application image
imxtract  - extract a part of a multi-image
itest     - return true/false on integer compare
ln        - Create a symbolic link
load      - load binary file from a filesystem
loadb     - load binary file over serial line (kermit mode)
loads     - load S-Record file over serial line
loadx     - load binary file over serial line (xmodem mode)
loady     - load binary file over serial line (ymodem mode)
loop      - infinite loop on address range
ls        - list files in a directory (default /)
lzmadec   - lzma uncompress a memory region
md        - memory display
mdio      - MDIO utility commands
mii       - MII utility commands
mm        - memory modify (auto-incrementing address)
mmc       - MMC sub system
mmcinfo   - display MMC info
mtd       - MTD utils
mtdparts  - define flash/nand partitions
mtest     - simple RAM read/write test
mw        - memory write (fill)
net       - NET sub-system
nfs       - boot image via network using NFS protocol
nm        - memory modify (constant address)
panic     - Panic with optional message
part      - disk partition related commands
ping      - send ICMP ECHO_REQUEST to network host
printenv  - print environment variables
pxe       - commands to get and boot from pxe files
random    - fill memory with random pattern
reset     - Perform RESET of the CPU
run       - run commands in an environment variable
save      - save file to a filesystem
saveenv   - save environment variables to persistent storage
setenv    - set environment variables
setexpr   - set environment variable as the result of eval expression
sf        - SPI flash sub-system
showvar   - print local hushshell variables
size      - determine a file's size
sleep     - delay execution for some time
source    - run script from memory
sysboot   - command to get and boot from syslinux files
test      - minimal test like /bin/sh
tftpboot  - boot image via network using TFTP protocol
tftpput   - TFTP put command, for uploading files to a server
time      - run commands and summarize execution time
timer     - access the system timer
true      - do nothing, successfully
ubi       - ubi commands
ubifsload - load file from an UBIFS filesystem
ubifsls   - list files in a directory
ubifsmount- mount UBIFS volume
ubifsumount- unmount UBIFS volume
unlz4     - lz4 uncompress a memory region
unzip     - unzip a memory region
usb       - USB sub-system
usbboot   - boot from USB device
versal    - versal sub-system
version   - print monitor, compiler and linker version
Versal> printenv ethaddr
ethaddr=5e:61:82:ec:2d:71
Versal> setenv -f ethaddr 00:0A:35:07:6E:F4
Versal> set
2023.05.19.05.50.13 [DEBUG]: [SERIAL] env -f serverip 172.20.158.35
Versal> setenv bootargs ${bootargs} clk_ignore_unused;
Versal> tftpboot 0x000200000 /proj/sdxbf/emhw/board_data/vck190/Image
Using ethernet@ff0c0000 device
TFTP from server 172.20.158.35; our IP address is 172.20.157.192
Filename '/proj/sdxbf/emhw/board_data/vck190/Image'.
Load address: 0x200000
Loading: *#################################################################
	 ########
2023.05.19.05.50.19 [DEBUG]: [SERIAL] #########################################################
	 #################################################################
	 #############################################
2023.05.19.05.50.25 [DEBUG]: [SERIAL] ####################
	 #################################################################
	 #################################################################
	 #########################################################
2023.05.19.05.50.31 [DEBUG]: [SERIAL] ########
	 ###############################################################
	 990.2 KiB/s
done
Bytes transferred = 21191168 (1435a00 hex)
Versal> 
2023.05.19.05.50.31 [DEBUG]: File transferred successfully!
2023.05.19.05.50.31 [DEBUG]: Waiting for prompt...
2023.05.19.05.50.36 [DEBUG]: [SERIAL] 
2023.05.19.05.50.41 [DEBUG]: [SERIAL] tftpboot 0x04000000 /proj/sdxbf/emhw/board_data/vck190/rootfs.cpio.gz.u-boot
Using ethernet@ff0c0000 device
TFTP from server 172.20.158.35; our IP address is 172.20.157.192
Filename '/proj/sdxbf/emhw/board_data/vck190/rootfs.cpio.gz.u-boot'.
Load address: 0x4000000
Loading: *#################################################################
	 #################################################################
	 #################################################################
	 #################################################################
	 #####
2023.05.19.05.50.47 [DEBUG]: [SERIAL] ############################################################
	 #################################################################
	 #################################################################
	 ##################################################
2023.05.19.05.50.53 [DEBUG]: [SERIAL] ###############
	 #################################################################
	 #################################################################
	 #################################################################
	 #####################################################
2023.05.19.05.50.59 [DEBUG]: [SERIAL] ############
	 #################################################################
	 #################################################################
	 #################################################################
	 #################################################################
	 #################################################################
	 ######################################################
	 2.2 MiB/s
done
Bytes transferred = 47437836 (2d3d80c hex)
Versal> 
2023.05.19.05.50.59 [DEBUG]: File transferred successfully!
2023.05.19.05.50.59 [DEBUG]: Waiting for prompt...
2023.05.19.05.51.04 [DEBUG]: [SERIAL] 
2023.05.19.05.51.09 [DEBUG]: [SERIAL] tftpboot 0x100000 /proj/sdxbf/emhw/board_data/vck190/system.dtb
Using ethernet@ff0c0000 device
TFTP from server 172.20.158.35; our IP address is 172.20.157.192
Filename '/proj/sdxbf/emhw/board_data/vck190/system.dtb'.
Load address: 0x100000
Loading: *#
	 5.6 MiB/s
done
Bytes transferred = 29502 (733e hex)
Versal> 
2023.05.19.05.51.09 [DEBUG]: File transferred successfully!
2023.05.19.05.51.09 [DEBUG]: Waiting for prompt...
2023.05.19.05.51.14 [DEBUG]: [SERIAL] 
2023.05.19.05.51.19 [DEBUG]: [SERIAL] booti 200000 4000000 100000
## Loading init Ramdisk from Legacy Image at 04000000 ...
   Image Name:   petalinux-image-minimal-xilinx-v
   Image Type:   AArch64 Linux RAMDisk Image (uncompressed)
   Data Size:    47437772 Bytes = 45.2 MiB
   Load Address: 00000000
   Entry Point:  00000000
   Verifying Checksum ... OK
## Flattened Device Tree blob at 00100000
   Booting using the fdt blob at 0x100000
   Loading Ramdisk to 7b189000, end 7dec67cc ... OK
   Loading Device Tree to 000000007b17e000, end 000000007b18833d ... OK

Starting kernel ...

[    0.000000] Booting Linux on physical CPU 0x0000000000 [0x410fd083]
[    0.000000] Linux version 5.15.36-xilinx-v2022.2 (oe-user@oe-host) (aarch64-xilinx-linux-gcc (GCC) 11.2.0, GNU ld (GNU Binutils) 2.37.20210721) #1 SMP Mon Oct 3 07:50:07 UTC 2022
[    0.000000] Machine model: Xilinx Versal vck190 Eval board revA
[    0.000000] efi: UEFI not found.
[    0.000000] Zone ranges:
[    0.000000]   DMA32    [mem 0x0000000000000000-0x00000000ffffffff]
[    0.000000]   Normal   [mem 0x0000000100000000-0x00000501ffffffff]
[    0.000000] Movable zone start for each node
[    0.000000] Early memory node ranges
[    0.000000]   node   0: [mem 0x0000000000000000-0x000000007fffffff]
[    0.000000]   node   0: [mem 0x0000000800000000-0x000000097fffffff]
[    0.000000]   node   0: [mem 0x0000050000000000-0x00000501ffffffff]
[    0.000000] Initmem setup node 0 [mem 0x0000000000000000-0x00000501ffffffff]
[    0.000000] cma: Reserved 256 MiB at 0x000000006b000000
[    0.000000] psci: probing for conduit method from DT.
[    0.000000] psci: PSCIv1.1 detected in firmware.
[    0.000000] psci: Using standard PSCI v0.2 function IDs
[    0.000000] psci: MIGRATE_INFO_TYPE not supported.
[    0.000000] psci: SMC Calling Convention v1.2
[    0.000000] percpu: Embedded 18 pages/cpu s34776 r8192 d30760 u73728
[    0.000000] Detected PIPT I-cache on CPU0
[    0.000000] CPU features: detected: GIC system register CPU interface
[    0.000000] CPU features: detected: Spectre-v2
[    0.000000] CPU features: detected: Spectre-BHB
[    0.000000] CPU features: detected: ARM errata 1165522, 1319367, or 1530923
[    0.000000] Built 1 zonelists, mobility grouping on.  Total pages: 4128768
[    0.000000] Kernel command line: clk_ignore_unused
[    0.000000] Dentry cache hash table entries: 2097152 (order: 12, 16777216 bytes, linear)
[    0.000000] Inode-cache hash table entries: 1048576 (order: 11, 8388608 bytes, linear)
[    0.000000] mem auto-init: stack:off, heap alloc:off, heap free:off
[    0.000000] software IO TLB: mapped [mem 0x0000000067000000-0x000000006b000000] (64MB)
[    0.000000] Memory: 16061228K/16777216K available (13696K kernel code, 982K rwdata, 3804K rodata, 2112K init, 572K bss, 453844K reserved, 262144K cma-reserved)
[    0.000000] rcu: Hierarchical RCU implementation.
[    0.000000] rcu: 	RCU event tracing is enabled.
[    0.000000] rcu: 	RCU restricting CPUs from NR_CPUS=16 to nr_cpu_ids=2.
[    0.000000] rcu: RCU calculated value of scheduler-enlistment delay is 25 jiffies.
[    0.000000] rcu: Adjusting geometry for rcu_fanout_leaf=16, nr_cpu_ids=2
[    0.000000] NR_IRQS: 64, nr_irqs: 64, preallocated irqs: 0
[    0.000000] GICv3: GIC: Using split EOI/Deactivate mode
[    0.000000] GICv3: 160 SPIs implemented
[    0.000000] GICv3: 0 Extended SPIs implemented
[    0.000000] GICv3: Distributor has no Range Selector support
[    0.000000] Root IRQ handler: gic_handle_irq
[    0.000000] GICv3: 16 PPIs implemented
[    0.000000] GICv3: CPU0: found redistributor 0 region 0:0x00000000f9080000
[    0.000000] ITS [mem 0xf9020000-0xf903ffff]
[    0.000000] ITS@0x00000000f9020000: allocated 65536 Devices @800080000 (flat, esz 8, psz 64K, shr 0)
[    0.000000] ITS: using cache flushing for cmd queue
[    0.000000] GICv3: using LPI property table @0x0000000800030000
[    0.000000] GIC: using cache flushing for LPI property table
[    0.000000] GICv3: CPU0: using allocated LPI pending table @0x0000000800040000
[    0.000000] random: get_random_bytes called from start_kernel+0x474/0x6d8 with crng_init=0
[    0.000000] arch_timer: cp15 timer(s) running at 100.00MHz (phys).
[    0.000000] clocksource: arch_sys_counter: mask: 0xffffffffffffff max_cycles: 0x171024e7e0, max_idle_ns: 440795205315 ns
[    0.000000] sched_clock: 56 bits at 100MHz, resolution 10ns, wraps every 4398046511100ns
[    0.000225] Console: colour dummy device 80x25
[    0.000403] printk: console [tty0] enabled
[    0.000423] Calibrating delay loop (skipped), value calculated using timer frequency.. 200.00 BogoMIPS (lpj=400000)
[    0.000434] pid_max: default: 32768 minimum: 301
[    0.000640] Mount-cache hash table entries: 32768 (order: 6, 262144 bytes, linear)
[    0.000706] Mountpoint-cache hash table entries: 32768 (order: 6, 262144 bytes, linear)
[    0.001452] rcu: Hierarchical SRCU implementation.
[    0.001560] Platform MSI: gic-its@f9020000 
2023.05.19.05.51.20 [DEBUG]: [SERIAL] domain created
[    0.001625] PCI/MSI: /axi/interrupt-controller@f9000000/gic-its@f9020000 domain created
[    0.001684] EFI services will not be available.
[    0.001756] smp: Bringing up secondary CPUs ...
[    0.002063] Detected PIPT I-cache on CPU1
[    0.002089] GICv3: CPU1: found redistributor 1 region 0:0x00000000f90a0000
[    0.002097] GICv3: CPU1: using allocated LPI pending table @0x0000000800050000
[    0.002119] CPU1: Booted secondary processor 0x0000000001 [0x410fd083]
[    0.002167] smp: Brought up 1 node, 2 CPUs
[    0.002190] SMP: Total of 2 processors activated.
[    0.002196] CPU features: detected: 32-bit EL0 Support
[    0.002202] CPU features: detected: CRC32 instructions
[    0.002237] CPU: All CPU(s) started at EL2
[    0.002253] alternatives: patching kernel code
[    0.002878] devtmpfs: initialized
[    0.008071] clocksource: jiffies: mask: 0xffffffff max_cycles: 0xffffffff, max_idle_ns: 7645041785100000 ns
[    0.008095] futex hash table entries: 512 (order: 3, 32768 bytes, linear)
[    0.010355] pinctrl core: initialized pinctrl subsystem
[    0.010659] DMI not present or invalid.
[    0.010829] NET: Registered PF_NETLINK/PF_ROUTE protocol family
[    0.011445] DMA: preallocated 2048 KiB GFP_KERNEL pool for atomic allocations
[    0.011630] DMA: preallocated 2048 KiB GFP_KERNEL|GFP_DMA32 pool for atomic allocations
[    0.011670] audit: initializing netlink subsys (disabled)
[    0.011732] audit: type=2000 audit(0.008:1): state=initialized audit_enabled=0 res=1
[    0.011967] hw-breakpoint: found 6 breakpoint and 4 watchpoint registers.
[    0.012018] ASID allocator initialised with 65536 entries
[    0.012106] Serial: AMBA PL011 UART driver
[    0.022032] HugeTLB registered 1.00 GiB page size, pre-allocated 0 pages
[    0.022049] HugeTLB registered 32.0 MiB page size, pre-allocated 0 pages
[    0.022055] HugeTLB registered 2.00 MiB page size, pre-allocated 0 pages
[    0.022062] HugeTLB registered 64.0 KiB page size, pre-allocated 0 pages
[    0.556755] cryptd: max_cpu_qlen set to 1000
[    0.570632] DRBG: Continuing without Jitter RNG
[    0.652323] raid6: neonx8   gen()  3823 MB/s
[    0.720359] raid6: neonx8   xor()  2808 MB/s
[    0.788401] raid6: neonx4   gen()  3949 MB/s
[    0.856432] raid6: neonx4   xor()  2910 MB/s
[    0.924474] raid6: neonx2   gen()  3481 MB/s
[    0.992510] raid6: neonx2   xor()  2681 MB/s
[    1.060557] raid6: neonx1   gen()  2694 MB/s
[    1.128591] raid6: neonx1   xor()  2181 MB/s
[    1.196629] raid6: int64x8  gen()  2052 MB/s
[    1.264673] raid6: int64x8  xor()  1240 MB/s
[    1.332710] raid6: int64x4  gen()  2296 MB/s
[    1.400744] raid6: int64x4  xor()  1305 MB/s
[    1.468787] raid6: int64x2  gen()  2160 MB/s
[    1.536821] raid6: int64x2  xor()  1160 MB/s
[    1.604869] raid6: int64x1  gen()  1647 MB/s
[    1.672898] raid6: int64x1  xor()   864 MB/s
[    1.672904] raid6: using algorithm neonx4 gen() 3949 MB/s
[    1.672910] raid6: .... xor() 2910 MB/s, rmw enabled
[    1.672916] raid6: using neon recovery algorithm
[    1.673233] iommu: Default domain type: Translated 
[    1.673242] iommu: DMA domain TLB invalidation policy: strict mode 
[    1.673394] SCSI subsystem initialized
[    1.673503] usbcore: registered new interface driver usbfs
[    1.673524] usbcore: registered new interface driver hub
[    1.673543] usbcore: registered new device driver usb
[    1.673593] mc: Linux media interface: v0.10
[    1.673607] videodev: Linux video capture interface: v2.00
[    1.673634] pps_core: LinuxPPS API ver. 1 registered
[    1.673640] pps_core: Software ver. 5.3.6 - Copyright 2005-2007 Rodolfo Giometti <giometti@linux.it>
[    1.673652] PTP clock support registered
[    1.673675] EDAC MC: Ver: 3.0.0
[    1.673916] zynqmp-ipi-mbox mailbox@ff3f0440: Registered ZynqMP IPI mbox with TX/RX channels.
[    1.674037] FPGA manager framework
[    1.674123] Advanced Linux Sound Architecture Driver Initialized.
[    1.674336] Bluetooth: Core ver 2.22
[    1.674357] NET: Registered PF_BLUETOOTH protocol family
[    1.674363] Bluetooth: HCI device and connection manager initialized
[    1.674371] Bluetooth: HCI socket layer initialized
[    1.674377] Bluetooth: L2CAP socket layer initialized
[    1.674387] Bluetooth: SCO socket layer initialized
[    1.674604] clocksource: Switched to clocksource arch_sys_counter
[    1.674715] VFS: Disk quotas dquot_6.6.0
[    1.674747] VFS: Dquot-cache hash table entries: 512 (order 0, 4096 bytes)
[    1.677458] NET: Registered PF_INET protocol family
[    1.677951] IP idents hash table entries: 262144 (order: 9, 2097152 bytes, linear)
[    1.682689] tcp_listen_portaddr_hash hash table entries: 8192 (order: 5, 131072 bytes, linear)
[    1.682827] TCP established hash table entries: 131072 (order: 8, 1048576 bytes, linear)
[    1.683426] TCP bind hash table entries: 65536 (order: 8, 1048576 bytes, linear)
[    1.684023] TCP: Hash tables confi
2023.05.19.05.51.21 [DEBUG]: [SERIAL] gured (established 131072 bind 65536)
[    1.684102] UDP hash table entries: 8192 (order: 6, 262144 bytes, linear)
[    1.684342] UDP-Lite hash table entries: 8192 (order: 6, 262144 bytes, linear)
[    1.684641] NET: Registered PF_UNIX/PF_LOCAL protocol family
[    1.684985] RPC: Registered named UNIX socket transport module.
[    1.684994] RPC: Registered udp transport module.
[    1.685000] RPC: Registered tcp transport module.
[    1.685005] RPC: Registered tcp NFSv4.1 backchannel transport module.
[    1.685014] PCI: CLS 0 bytes, default 64
[    1.685190] Trying to unpack rootfs image as initramfs...
[    1.698851] hw perfevents: enabled with armv8_pmuv3 PMU driver, 7 counters available
[    3.315410] Freeing initrd memory: 46324K
[    3.339756] Initialise system trusted keyrings
[    3.339833] workingset: timestamp_bits=46 max_order=22 bucket_order=0
[    3.340333] NFS: Registering the id_resolver key type
[    3.340351] Key type id_resolver registered
[    3.340357] Key type id_legacy registered
[    3.340373] nfs4filelayout_init: NFSv4 File Layout Driver Registering...
[    3.340380] nfs4flexfilelayout_init: NFSv4 Flexfile Layout Driver Registering...
[    3.340397] jffs2: version 2.2. (NAND) (SUMMARY)  Â© 2001-2006 Red Hat, Inc.
[    3.369157] NET: Registered PF_ALG protocol family
[    3.369172] xor: measuring software checksum speed
[    3.370977]    8regs           :  5491 MB/sec
[    3.372493]    32regs          :  6519 MB/sec
[    3.374207]    arm64_neon      :  5759 MB/sec
[    3.374213] x printk: console [ttyAMA0] enabled
[    4.863591] aie aieaperture_0_50: AI engine aperture aieaperture_0_50, id 0x18800000, cols(0, 50) aie_tile_rows(1, 8) memory_tile_rows(0, 0) is probed successfully.
[    4.878295] xilinx-ai-engine 20000000000.ai_engine: Xilinx AI Engine device 20000000000.ai_engine probed. Device generation: 1. Clock frequency: 1250000000Hz.
[    4.892555] of-fpga-region fpga: FPGA Region probed
[    4.897496] irq-xilinx: mismatch in kind-of-intr param
[    4.902631] irq-xilinx: /amba_pl@0/interrupt-controller@a4000000: num_irq=32, sw_irq=0, edge=0xffffffff
[    4.912615] xilinx-zynqmp-dma ffa80000.dma: ZynqMP DMA driver Probe success
[    4.919759] xilinx-zynqmp-dma ffa90000.dma: ZynqMP DMA driver Probe success
[    4.926900] xilinx-zynqmp-dma ffaa0000.dma: ZynqMP DMA driver Probe success
[    4.934037] xilinx-zynqmp-dma ffab0000.dma: ZynqMP DMA driver Probe success
[    4.941177] xilinx-zynqmp-dma ffac0000.dma: ZynqMP DMA driver Probe success
[    4.948315] xilinx-zynqmp-dma ffad0000.dma: ZynqMP DMA driver Probe success
[    4.955457] xilinx-zynqmp-dma ffae0000.dma: ZynqMP DMA driver Probe success
[    4.962592] xilinx-zynqmp-dma ffaf0000.dma: ZynqMP DMA driver Probe success
[    4.969969] spi-nor spi0.0: unrecognized JEDEC id bytes: ff ff ff ff ff ff
[    4.977270] xilinx_can ff070000.can can0: TDC Offset value not in range 
[    4.984227] macb ff0c0000.ethernet: Not enabling partial store and forward
[    4.997547] macb ff0c0000.ethernet eth0: Cadence GEM rev 0x0107010b at 0xff0c0000 irq 25 (00:0a:35:07:6e:f4)
[    5.007724] macb ff0d0000.ethernet: Not enabling partial store and forward
[    5.059516] macb ff0d0000.ethernet eth1: Cadence GEM rev 0x0107010b at 0xff0d0000 irq 26 (02:69:c4:d6:bd:af)
[    5.070242] xhci-hcd xhci-hcd.0.auto: xHCI Host Controller
[    5.075750] xhci-hcd xhci-hcd.0.auto: new USB bus registered, assigned bus number 1
[    5.083485] xhci-hcd xhci-hcd.0.auto: hcc params 0x0238fe65 hci version 0x110 quirks 0x0000000000010810
[    5.092904] xhci-hcd xhci-hcd.0.auto: irq 43, io mem 0xfe200000
[    5.099100] usb usb1: New USB device found, idVendor=1d6b, idProduct=0002, bcdDevice= 5.15
[    5.107380] usb usb1: New USB device strings: Mfr=3, Product=2, SerialNumber=1
[    5.114602] usb usb1: Product: xHCI Host Controller
[    5.119484] usb usb1: Manufacturer: Linux 5.15.36-xilinx-v2022.2 xhci-hcd
[    5.126268] usb usb1: SerialNumber: xhci-hcd.0.auto
[    5.131433] hub 1-0:1.0: USB hub found
[    5.135198] hub 1-0:1.0: 1 port detected
[    5.139258] xhci-hcd xhci-hcd.0.auto: xHCI Host Controller
[    5.144748] xhci-hcd xhci-hcd.0.auto: new USB bus registered, assigned bus number 2
[    5.152410] xhci-hcd xhci-hcd.0.auto: Host supports USB 3.0 SuperSpeed
[    5.159010] usb usb2: New USB device found, idVendor=1d6b, idProduct=0003, bcdDevice= 5.15
[    5.167278] usb usb2: New USB device strings: Mfr=3, Product=2, SerialNumber=1
[    5.174501] usb usb2: Product: xHCI Host Controller
[    5.179378] usb usb2: Manufacturer: Linux 5.15.36-xilinx-v2022.2 xhci-hcd
[    5.186161] usb usb2: SerialNumber: xhci-hcd.0.auto
[    5.191370] hub 2-0:1.0: USB hub found
[    5.195132] hub 2-0:1.0: config failed, hub doesn't have any ports! (err -19)
[    5.202950] rtc_zynqmp f12a0000.rtc: registered as rtc0
[    5.208186] rtc_zynqmp f12a0000.rtc: setting system clock to 2023-05-19T11:51:21 UTC (1684497081)
[    5.21738
2023.05.19.05.51.22 [DEBUG]: [SERIAL] 6] cdns-i2c ff030000.i2c: 400 kHz mmio ff030000 irq 28
[    5.223658] cdns-i2c f1000000.i2c: 400 kHz mmio f1000000 irq 29
[    5.229947] cpufreq: cpufreq_online: CPU0: Running at unlisted initial frequency: 1349999 KHz, changing to: 1199999 KHz
[    5.243898] of_cfs_init
[    5.246362] of_cfs_init: OK
[    5.249226] clk: Not disabling unused clocks
[    5.253873] ALSA device list:
[    5.256837]   No soundcards found.
[    5.273373] mmc0: SDHCI controller on f1050000.mmc [f1050000.mmc] using ADMA 64-bit
[    5.281621] Freeing unused kernel memory: 2112K
[    5.286234] Run /init as init process
[    5.299271] systemd[1]: systemd 249.7+ running in system mode (+PAM -AUDIT -SELINUX -APPARMOR +IMA -SMACK +SECCOMP -GCRYPT -GNUTLS -OPENSSL +ACL +BLKID -CURL -ELFUTILS -FIDO2 -IDN2 -IDN -IPTC +KMOD -LIBCRYPTSETUP +LIBFDISK -PCRE2 -PWQUALITY -P11KIT -QRENCODE -BZIP2 -LZ4 -XZ -ZLIB +ZSTD +XKBCOMMON +UTMP +SYSVINIT default-hierarchy=hybrid)
[    5.329486] systemd[1]: Detected architecture arm64.

Welcome to [1mPetaLinux 2022.2_release_S10071807 (honister)[0m!

[    5.378776] systemd[1]: Hostname set to <xilinx-vck190-20222>.
[    5.384721] random: systemd: uninitialized urandom read (16 bytes read)
[    5.391358] systemd[1]: Initializing machine ID from random generator.
[    5.430336] systemd-sysv-generator[201]: SysV service '/etc/init.d/nfsserver' lacks a native systemd unit file. Automatically gen
[    5.871023] systemd[1]: Listening on RPCbind Server Activation Socket.
[[0;32m  OK  [0m] Listening on [0;1;39mRPCbind Server Activation Socket[0m.
[    5.890702] systemd[1]: Reached target RPC Port Mapper.
[[0;32m  OK  [0m] Reached target [0;1;39mRPC Port Mapper[0m.
[    5.910895] systemd[1]: Listening on Syslog Socket.
[[0;32m  OK  [0m] Listening on [0;1;39mSyslog Socket[0m.
[    5.930813] systemd[1]: Listening on initctl Compatibility Named Pipe.
[[0;32m  OK  [0m] Listening on [0;1;39minitctl Compatibility Named Pipe[0m.
[    5.951011] systemd[1]: Listening on Journal Audit Socket.
[[0;32m  OK  [0m] Listening on [0;1;39mJournal Audit Socket[0m.
[    5.970890] systemd[1]: Listening on Journal Socket (/dev/log).
[[0;32m  OK  [0m] Listening on [0;1;39mJournal Socket (/dev/log)[0m.
[    5.990943] systemd[1]: Listening on Journal Socket.
[[0;32m  OK  [0m] Listening on [0;1;39mJournal Socket[0m.
[    6.010996] systemd[1]: Listening on Network Service Netlink Socket.
[[0;32m  OK  [0m] Listening on [0;1;39mNetwork Service Netlink Socket[0m.
[    6.030913] systemd[1]: Listening on udev Control Socket.
[[0;32m  OK  [0m] Listening on [0;1;39mudev Control Socket[0m.
[    6.050858] systemd[1]: Listening on udev Kernel Socket.
[[0;32m  OK  [0m] Listening on [0;1;39mudev Kernel Socket[0m.
[    6.070865] systemd[1]: Listening on User Database Manager Socket.
[[0;32m  OK  [0m] Listening on [0;1;39mUser Database Manager Socket[0m.
[    6.092548] systemd[1]: Mounting Huge Pages File System...
         Mounting [0;1;39mHuge Pages File System[0m...
[    6.112515] systemd[1]: Mounting POSIX Message Queue File System...
         Mounting [0;1;39mPOSIX Message Queue File System[0m...
[    6.136554] systemd[1]: Mounting Kernel Debug File System...
         Mounting [0;1;39mKernel Debug File System[0m...
[    6.154882] systemd[1]: Condition check resulted in Kernel Trace File System being skipped.
[    6.165164] systemd[1]: Mounting Temporary Directory /tmp...
         Mounting [0;1;39mTemporary Directory /tmp[0m...
[    6.182827] systemd[1]: Condition check resulted in Create List of Static Device Nodes being skipped.
[    6.194146] systemd[1]: Starting Load Kernel Module configfs...
         Starting [0;1;39mLoad Kernel Module configfs[0m...
[    6.217031] systemd[1]: Starting Load Kernel Module drm...
         Starting [0;1;39mLoad Kernel Module drm[0m...
[    6.236643] systemd[1]: Starting Load Kernel Module fuse...
         Starting [0;1;39mLoad Kernel Module fuse[0m...
[    6.256736] systemd[1]: Starting RPC Bind...
         Starting [0;1;39mRPC Bind[0m...
[    6.274767] systemd[1]: Condition check resulted in File System Check on Root Device being skipped.
[    6.284252] systemd[1]: Condition check resulted in Load Kernel Modules being skipped.
[    6.293874] systemd[1]: Mounting NFSD configuration filesystem...
         Mounting [0;1;39mNFSD configuration filesystem[0m...
[    6.316667] systemd[1]: Starting Remount Root and Kernel File Systems...
         Starting [0;1;39mRemount Root and Kernel File Systems[0m...
[    6.340777] systemd[1]: Starting Apply Kernel Variables...
         Starting [0;1;39mApply Kernel Variables[0m...
[    6.360670] systemd[1]: Starting Coldplug All udev Devices...
         Starting [0;1;39mColdplug All udev Devices[0m...
[    6.381677] systemd[1]: Started RPC Bind.
[[0;32m  OK  [0m] Started [0;1;39mRPC Bind[0m.
[    6.399082] systemd[1]: Mounted Huge Pages File S
2023.05.19.05.51.23 [DEBUG]: [SERIAL] ystem.
[[0;32m  OK  [0m] Mounted [0;1;39mHuge Pages File System[0m.
[    6.423008] systemd[1]: Mounted POSIX Message Queue File System.
[[0;32m  OK  [0m] Mounted [0;1;39mPOSIX Message Queue File System[0m.
[    6.447086] systemd[1]: Mounted Kernel Debug File System.
[[0;32m  OK  [0m] Mounted [0;1;39mKernel Debug File System[0m.
[    6.466916] systemd[1]: Mounted Temporary Directory /tmp.
[[0;32m  OK  [0m] Mounted [0;1;39mTemporary Directory /tmp[0m.
[    6.487185] systemd[1]: modprobe@configfs.service: Deactivated successfully.
[    6.495175] systemd[1]: Finished Load Kernel Module configfs.
[[0;32m  OK  [0m] Finished [0;1;39mLoad Kernel Module configfs[0m.
[    6.515297] systemd[1]: modprobe@drm.service: Deactivated successfully.
[    6.522934] systemd[1]: Finished Load Kernel Module drm.
[[0;32m  OK  [0m] Finished [0;1;39mLoad Kernel Module drm[0m.
[    6.543254] systemd[1]: modprobe@fuse.service: Deactivated successfully.
[    6.550888] systemd[1]: Finished Load Kernel Module fuse.
[[0;32m  OK  [0m] Finished [0;1;39mLoad Kernel Module fuse[0m.
[    6.571119] systemd[1]: proc-fs-nfsd.mount: Mount process exited, code=exited, status=32/n/a
[    6.579581] systemd[1]: proc-f
         Starting [0;1;39mCreate Static Device Nodes in /dev[0m...
[    6.892108] systemd[1]: Finished Create Static Device Nodes in /dev.
[[0;32m  OK  [0m] Finished [0;1;39mCreate Static Device Nodes in /dev[0m.
[    6.918939] systemd[1]: Reached target Preparation for Local File Systems.
[[0;32m  OK  [0m] Reached target [0;1;39mPreparation for Local File Systems[0m.
[    6.948778] systemd[1]: Mounting /var/volatile...
         Mounting [0;1;39m/var/volatile[0m...
[    6.969298] systemd[1]: Started Entropy Daemon based on the HAVEGE algorithm.
[[0;32m  OK  [0m] Started [0;1;39mEntropy Daemon based on the HAVEGE algorithm[0m.
[    6.995149] systemd[1]: systemd-journald.service: unit configures an IP firewall, but the local system does not support BPF/cgroup firewalling.
[    7.008055] systemd[1]: (This warning is only shown for the first unit using IP firewalling.)
[    7.019191] systemd[1]: Starting Journal Service...
         Starting [0;1;39mJournal Service[0m...
[    7.033688] systemd[1]: Starting Rule-based Manager for Device Events and Files...
         Starting [0;1;39mRule-based Manageâ€¦for Device Events and Files[0m...
[    7.065398] systemd[1]: Finished Coldplug All udev Devices.
[[0;32m  OK  [0m] Finished [0;1;39mColdplug All udev Devices[0m.
[    7.091117] systemd[1]: Mounted /var/volatile.
[[0;32m  OK  [0m] Mounted [0;1;39m/var/volatile[0m.
[    7.111099] systemd[1]: Condition check resulted in Bind mount volatile /var/cache being skipped.
[    7.126734] systemd[1]: Condition check resulted in Bind mount volatile /var/lib being skipped.
[    7.144404] systemd[1]: Starting Load/Save Random Seed...
         Starting [0;1;39mLoad/Save Random Seed[0m...
[    7.166801] systemd[1]: Condition check resulted in Bind mount volatile /var/spool being skipped.
[    7.186778] systemd[1]: Condition check resulted in Bind mount volatile /srv being skipped.
[    7.196562] systemd[1]: Reached target Local File Systems.
[[0;32m  OK  [0m] Reached target [0;1;39mLocal File Systems[0m.
[    7.220902] systemd[1]: Starting Rebuild Dynamic Linker Cache...
         Starting [0;1;39mRebuild Dynamic Linker Cache[0m...
[    7.247132] systemd[1]: Started Rule-based Manager for Device Events and Files.
[[0;32m  OK  [0m] Started [0;1;39mRule-based Manager for Device Events and Files[0m.
[    7.279300] systemd[1]: Started Journal Service.
[[0;32m  OK  [0m] Started [0;1;39mJournal Service[0m.
[[0;32m  OK  [0m] Finished [0;1;39mRebuild Dynamic Linker Cache[0m.
         Starting [0;1;39mFlush Journal to Persistent Storage[0m...
         Starting [0;1;39mNetwork Configuration[0m...
[    7.347981] systemd-journald[230]: Received client request to flush runtime journal.
[[0;32m  OK  [0m] Finished [0;1;39mFlush Journal to Persistent Storage[0m.
         Starting [0;1;39mCreate Volatile Files and Directories[0m...
[    7.440382] zocl: loading out-of-tree module taints kernel.
[    7.463339] [drm] Probing for xlnx,zocl-versal
[    7.467858] zocl-drm axi:zyxclmm_drm: IRQ index 0 not found
[    7.473510] [drm] FPGA programming device versal_fpga founded.
[[0;32m  OK  [0m] Finished [0;1;39mCreate Volatile Files and Directories[0m.
         Starting [0;1;39mRun pending postinsts[0m...
[    7.521990] random: fast init done
         Starting [0;1;39mRebuild Journal Catalog[0m...
         Starting [0;1;39mNetwork Time Synchronization[0m...
         Starting [0;1;39mRecord[    7.562675] [drm] PR[0] Isolation addr 0x0
 System Boot/Shutdown in UTMP[0[    7.566588] [drm] Initialized zocl 0.0.0 00000 for axi:zyxclmm_drm on minor 0
m...
[    7.598224] Unloading old XRT Linux kernel modules
[    7.695843] Loading
2023.05.19.05.51.25 [DEBUG]: [SERIAL]  new XRT Linux kernel modules
[[0;32m  OK  [0m] Finished [0;1;39mRebuild Journal Catalog[0m.
[    7.717252] [drm] Probing for xlnx,zocl-versal
[    7.721742] zocl-drm axi:zyxclmm_drm: IRQ index 0 not found
[    7.727414] [drm] FPGA programming device versal_fpga founded.
[[0;32m  OK  [0m] Finished [0;1;39mRecord System Boot/Shutdown in UTMP[0m.
         Starting [0;1;39mUpdate is Completed[0m...
[    7.789150] [drm] PR[0] Isolation addr 0x0
[    7.798499] [drm] Initialized zocl 0.0.0 00000 for axi:zyxclmm_drm on minor 0
[[0;32m  OK  [0m] Finished [0;1;39mUpdate is Completed[0m.
[[0;32m  OK  [0m] Started [0;1;39mNetwork Configuration[0m.
         Starting [0;1;39mNetwork Name Resolutio[    7.919892] macb ff0d0000.ethernet eth1: PHY [ff0c0000.ethernet-ffffffff:02] driver [TI DP83867] (irq=POLL)
n[0m...
[    7.931207] macb ff0d0000.ethernet eth1: configuring for phy/rgmii-id link mode
[    7.949279] pps pps0: new PPS source ptp0
[    7.959809] macb ff0d0000.ethernet: gem-ptp-timer ptp clock registered.
[    7.973774] macb ff0c0000.ethernet eth0: PHY [ff0c0000.ethernet-ffffffff:01] driver [TI DP83867] (irq=POLL)
[    7.983574] macb ff0c0000.ethernet eth0: configuring for phy/rgmii-id link mode
[    8.000418] pps pps1: new PPS source ptp1
[    8.048860] INFO: Creating ICD entry for Xilinx Platform
[    8.075050] macb ff0c0000.ethernet: gem-ptp-timer ptp clock registered.
[[0;32m  OK  [0m] Listening on [0;1;39mLoad/Save RF â€¦itch Status /dev/rfkill Watch[0m.
[[0;32m  OK  [0m] Finished [0;1;39mRun pending postinsts[0m.
[[0;32m  OK  [0m] Created slice [0;1;39mSlice /system/systemd-fsck[0m.
[[0;32m  OK  [0m] Found device [0;1;39m/dev/mmcblk0p2[0m.
         Starting [0;1;39mFile System Check on /dev/mmcblk0p2[0m...
[[0;32m  OK  [0m] Started [0;1;39mNetwork Time Synchronization[0m.
[[0;32m  OK  [0m] Started [0;1;39mNetwork Name Resolution[0m.
[    9.157398] random: crng init done
[    9.160830] random: 7 urandom warning(s) missed due to ratelimiting
[[0;32m  OK  [0m] Finished [0;1;39mLoad/Save Random Seed[0m.
[[0;32m  OK  [0m] Finished [0;1;39mFile System Check on /dev/mmcblk0p2[0m.
[[0;32m  OK  [0m] Reached target [0;1;39mNetwork[0m.
[[0;32m  OK  [0m] Reached target [0;1;39mHost and Network Name Lookups[0m.
[[0;32m  OK  [0m] Reached target [0;1;39mSystem Initialization[0m.
[[0;32m  OK  [0m] Started [0;1;39mDaily Cleanup of Temporary Directories[0m.
[[0;32m  OK  [0m] Reached target [0;1;39mSystem Time Set[0m.
[[0;32m  OK  [0m] Reached target [0;1;39mTimer Units[0m.
[[0;32m  OK  [0m] Listening on [0;1;39mD-Bus System Message Bus Socket[0m.
[[0;32m  OK  [0m] Listening on [0;1;39mdropbear.socket[0m.
[[0;32m  OK  [0m] Reached target [0;1;39mSocket Units[0m.
[[0;32m  OK  [0m] Reached target [0;1;39mBasic System[0m.
         Mounting [0;1;39m/run/media/mmcblk0p2[0m...
[[0;32m  OK  [0m] Started [0;1;39mKernel Logging Service[0m.
[[0;32m  OK  [0m] Started [0;1;39mSystem Logging Service[0m.
[[0;32m  OK  [0m] Started [0;1;39mD-Bus System Message Bus[0m.
[[0;32m  OK  [0m] Started [0;1;39mNFS status monitor for NFSv2/3 locking.[0m.
         Starting [0;1;39mLSB: NFS support for both client and server[0m...
         Starting [0;1;39mFile System Check on /dev/mmcblk0p1[0m...
         Starting [0;1;39mUser Login Management[0m...
         Starting [0;1;39mPermit User Sessions[0m...
         Starting [0;1;39mTarget Communication Framework agent[0m...
[[0;32m  OK  [0m] Started [0;1[    9.763579] EXT4-fs (mmcblk0p2): mounted filesystem with ordered data mode. Opts: (null). Quota mode: none.
;39mLSB: NFS support for both client and server[0m.
[[0;32m  OK  [0m] Mounted [0;1;39m/run/media/mmcblk0p2[0m.
[[0;32m  OK  [0m] Finished [0;1;39mFile System Check on /dev/mmcblk0p1[0m.
[[0;32m  OK  [0m] Finished [0;1;39mPermit User Sessions[0m.
[[0;32m  OK  [0m] Started [0;1;39mTarget Communication Framework agent[0m.
         Mounting [0;1;39m/run/media/mmcblk0p1[0m...
[[0;32m  OK  [0m] Started [0;1;39mGetty on tty1[0m.
         Starting [0;1;39minetd.busybox.service[0m...
         Starting [0;1;39mLSB: Kernel NFS server support[0m...
[[0;32m  OK  [0m] Started [0;1;39mSerial Getty on ttyAMA0[0m.
[[0;32m  OK  [0m] Reached target [0;1;39mLogin Prompts[0m.
[[0;32m  OK  [0m] Started [0;1;39minetd.busybox.service[0m.
[[0;1;31mFAILED[0m] Failed to start [0;1;39mLSB: Kernel NFS server support[0m.
See 'systemctl status nfsserver.service' for details.
[[0;32m  OK  [0m] Started [0;1;39mUser Login Management[0m.
[   10.012798] FAT-fs (mmcblk0p1): Volume was not properly unmounted. Some data may be corrupt. Please run fsck.
[[0;32m  OK  [0m] Mounted [0;1;39m/run/media/mmcblk0p1[0m.
[[0;32m  OK  [0m] Reached target [0;1;39mMulti-User System[0m.
         Starting [0;1;39mRecord Runlevel Change in UTMP[0m...
[[0
2023.05.19.05.51.40 [DEBUG]: [SERIAL] ;32m  OK  [0m] Finished [0;1;39mRecord Runlevel Change in UTMP[0m.

PetaLinux 2022.2_release_S10071807 xilinx-vck190-20222 ttyAMA0

xilinx-vck190-20222 login: root (automatic login)

[   10.263811] audit: type=1006 audit(1684497086.552:2): pid=586 uid=0 old-auid=4294967295 auid=0 tty=(none) old-ses=4294967295 ses=1 res=1
[   10.276139] audit: type=1300 audit(1684497086.552:2): arch=c00000b7 syscall=64 success=yes exit=1 a0=8 a1=ffffe1f182d0 a2=1 a3=ffffadfd26b0 items=0 ppid=1 pid=586 auid=0 uid=0 gid=0 euid=0 suid=0 fsuid=0 egid=0 sgid=0 fsgid=0 tty=(none) ses=1 comm="(systemd)" exe="/lib/systemd/systemd" key=(null)
[   10.302399] audit: type=1327 audit(1684497086.552:2): proctitle="(systemd)"
7[r[999;999H[6n[   13.119875] macb ff0c0000.ethernet eth0: Link is Up - 1Gbps/Full - flow control off
[   13.127566] IPv6: ADDRCONF(NETDEV_CHANGE): eth0: link becomes ready
root@xilinx-vck190-20222:~# 
2023.05.19.05.51.40 [INFO]: Logging in to board...
2023.05.19.05.51.47 [DEBUG]: [SERIAL] root
-sh: root: command not found
root@xilinx-vck190-20222:~# 
2023.05.19.05.51.54 [DEBUG]: [SERIAL] 
2023.05.19.05.52.01 [DEBUG]: [SERIAL] 
2023.05.19.05.52.08 [DEBUG]: [SERIAL] 
2023.05.19.05.52.15 [DEBUG]: [SERIAL] 
2023.05.19.05.52.22 [DEBUG]: [SERIAL] 
2023.05.19.05.52.30 [DEBUG]: [SERIAL] 
2023.05.19.05.52.37 [DEBUG]: [SERIAL] 
2023.05.19.05.52.44 [DEBUG]: [SERIAL] 
2023.05.19.05.52.51 [DEBUG]: [SERIAL] 
2023.05.19.05.52.58 [DEBUG]: [SERIAL] 
2023.05.19.05.53.08 [DEBUG]: Connecting to serial device /dev/ttyUSB1 115200...
2023.05.19.05.53.08 [DEBUG]: Connected.
2023.05.19.05.53.08 [DEBUG]: Running ps -o comm 1
2023.05.19.05.53.08 [DEBUG]: COMMAND
2023.05.19.05.53.08 [DEBUG]: systemd
2023.05.19.05.53.08 [DEBUG]: kthreadd
2023.05.19.05.53.08 [DEBUG]: rcu_gp
2023.05.19.05.53.08 [DEBUG]: rcu_par_gp
2023.05.19.05.53.08 [DEBUG]: netns
2023.05.19.05.53.08 [DEBUG]: kworker/0:0-cgr
2023.05.19.05.53.08 [DEBUG]: kworker/0:0H-ev
2023.05.19.05.53.08 [DEBUG]: kworker/u4:0-ev
2023.05.19.05.53.08 [DEBUG]: mm_percpu_wq
2023.05.19.05.53.08 [DEBUG]: ksoftirqd/0
2023.05.19.05.53.08 [DEBUG]: rcu_sched
2023.05.19.05.53.08 [DEBUG]: migration/0
2023.05.19.05.53.08 [DEBUG]: cpuhp/0
2023.05.19.05.53.08 [DEBUG]: cpuhp/1
2023.05.19.05.53.08 [DEBUG]: migration/1
2023.05.19.05.53.08 [DEBUG]: ksoftirqd/1
2023.05.19.05.53.08 [DEBUG]: kworker/1:0-rcu
2023.05.19.05.53.08 [DEBUG]: kworker/1:0H-ev
2023.05.19.05.53.08 [DEBUG]: kdevtmpfs
2023.05.19.05.53.08 [DEBUG]: inet_frag_wq
2023.05.19.05.53.08 [DEBUG]: kworker/0:1-eve
2023.05.19.05.53.08 [DEBUG]: kworker/1:1-eve
2023.05.19.05.53.08 [DEBUG]: kauditd
2023.05.19.05.53.08 [DEBUG]: oom_reaper
2023.05.19.05.53.08 [DEBUG]: writeback
2023.05.19.05.53.08 [DEBUG]: kcompactd0
2023.05.19.05.53.08 [DEBUG]: khugepaged
2023.05.19.05.53.08 [DEBUG]: cryptd
2023.05.19.05.53.08 [DEBUG]: kblockd
2023.05.19.05.53.08 [DEBUG]: blkcg_punt_bio
2023.05.19.05.53.08 [DEBUG]: tpm_dev_wq
2023.05.19.05.53.08 [DEBUG]: edac-poller
2023.05.19.05.53.08 [DEBUG]: watchdogd
2023.05.19.05.53.08 [DEBUG]: rpciod
2023.05.19.05.53.08 [DEBUG]: kworker/0:1H-mm
2023.05.19.05.53.08 [DEBUG]: kworker/u5:0
2023.05.19.05.53.08 [DEBUG]: xprtiod
2023.05.19.05.53.08 [DEBUG]: kworker/u4:1-ev
2023.05.19.05.53.08 [DEBUG]: kworker/u4:2-ev
2023.05.19.05.53.08 [DEBUG]: kworker/u4:3-wr
2023.05.19.05.53.08 [DEBUG]: kswapd0
2023.05.19.05.53.08 [DEBUG]: ecryptfs-kthrea
2023.05.19.05.53.08 [DEBUG]: nfsiod
2023.05.19.05.53.08 [DEBUG]: xenbus_probe
2023.05.19.05.53.08 [DEBUG]: kworker/0:2-eve
2023.05.19.05.53.08 [DEBUG]: kworker/0:3-eve
2023.05.19.05.53.08 [DEBUG]: uas
2023.05.19.05.53.08 [DEBUG]: kworker/1:2-cgr
2023.05.19.05.53.08 [DEBUG]: kpktgend_0
2023.05.19.05.53.08 [DEBUG]: kpktgend_1
2023.05.19.05.53.08 [DEBUG]: mld
2023.05.19.05.53.08 [DEBUG]: kworker/1:1H-kb
2023.05.19.05.53.08 [DEBUG]: ipv6_addrconf
2023.05.19.05.53.08 [DEBUG]: krfcommd
2023.05.19.05.53.08 [DEBUG]: irq/41-aieapert
2023.05.19.05.53.08 [DEBUG]: sdhci
2023.05.19.05.53.08 [DEBUG]: irq/33-mmc0
2023.05.19.05.53.08 [DEBUG]: mmc_complete
2023.05.19.05.53.08 [DEBUG]: rpcbind
2023.05.19.05.53.08 [DEBUG]: haveged
2023.05.19.05.53.08 [DEBUG]: kpktgend_0
2023.05.19.05.53.08 [DEBUG]: kpktgend_1
2023.05.19.05.53.08 [DEBUG]: systemd-journal
2023.05.19.05.53.08 [DEBUG]: systemd-udevd
2023.05.19.05.53.08 [DEBUG]: systemd-network
2023.05.19.05.53.08 [DEBUG]: systemd-timesyn
2023.05.19.05.53.08 [DEBUG]: kworker/0:2H
2023.05.19.05.53.08 [DEBUG]: systemd-resolve
2023.05.19.05.53.08 [DEBUG]: kworker/1:2H
2023.05.19.05.53.08 [DEBUG]: klogd
2023.05.19.05.53.08 [DEBUG]: syslogd
2023.05.19.05.53.08 [DEBUG]: dbus-daemon
2023.05.19.05.53.08 [DEBUG]: rpc.statd
2023.05.19.05.53.08 [DEBUG]: systemd-logind
2023.05.19.05.53.08 [DEBUG]: tcf-agent
2023.05.19.05.53.08 [DEBUG]: jbd2/mmcblk0p2-
2023.05.19.05.53.08 [DEBUG]: ext4-rsv-conver
2023.05.19.05.53.08 [DEBUG]: inetd
2023.05.19.05.53.08 [DEBUG]: login
2023.05.19.05.53.08 [DEBUG]: systemd-userdbd
2023.05.19.05.53.08 [DEBUG]: systemd-userwor
2023.05.19.05.53.08 [DEBUG]: systemd-userwor
2023.05.19.05.53.08 [DEBUG]: systemd-userwor
2023.05.19.05.53.08 [DEBUG]: systemd
2023.05.19.05.53.08 [DEBUG]: (sd-pam)
2023.05.19.05.53.08 [DEBUG]: sh
2023.05.19.05.53.08 [DEBUG]: login
2023.05.19.05.53.08 [DEBUG]: ps
2023.05.19.05.53.09 [INFO]: This is systemD enabled image
2023.05.19.05.53.09 [INFO]: Adjusting mac address to get unique IP...
2023.05.19.05.53.09 [DEBUG]: Connecting to serial device /dev/ttyUSB1 115200...
2023.05.19.05.53.09 [DEBUG]: Connected.
2023.05.19.05.53.09 [DEBUG]: Running  
2023.05.19.05.53.12 [DEBUG]: Connecting to serial device /dev/ttyUSB1 115200...
2023.05.19.05.53.12 [DEBUG]: Connected.
2023.05.19.05.53.12 [DEBUG]: Running ip link set dev eth0 down
2023.05.19.05.53.12 [DEBUG]: [  116.680904] macb ff0c0000.ethernet eth0: Link is Down
2023.05.19.05.53.12 [DEBUG]: [  116.689032] macb ff0c0000.ethernet: gem-ptp-timer ptp clock unregistered.
2023.05.19.05.53.15 [DEBUG]: Connecting to serial device /dev/ttyUSB1 115200...
2023.05.19.05.53.15 [DEBUG]: Connected.
2023.05.19.05.53.15 [DEBUG]: Running ip link set eth0 address 00:0A:35:07:6E:F4
2023.05.19.05.53.18 [DEBUG]: Connecting to serial device /dev/ttyUSB1 115200...
2023.05.19.05.53.18 [DEBUG]: Connected.
2023.05.19.05.53.18 [DEBUG]: Running ip link set dev eth0 up
2023.05.19.05.53.18 [DEBUG]: [  122.726526] macb ff0c0000.ethernet eth0: PHY [ff0c0000.ethernet-ffffffff:01] driver [TI DP83867] (irq=POLL)
2023.05.19.05.53.18 [DEBUG]: [  122.736280] macb ff0c0000.ethernet eth0: configuring for phy/rgmii-id link mode
2023.05.19.05.53.18 [DEBUG]: [  122.745622] pps pps1: new PPS source ptp1
2023.05.19.05.53.18 [DEBUG]: [  122.750329] macb ff0c0000.ethernet: gem-ptp-timer ptp clock registered.
2023.05.19.05.53.29 [DEBUG]: Getting IP through serial interface...
2023.05.19.05.53.29 [DEBUG]: ifconfig eth0 | grep "inet addr:" | cut -d: -f2 | cut -d " " -f1
2023.05.19.05.53.29 [DEBUG]: GET IP TIMEOUT: 10
2023.05.19.05.53.29 [DEBUG]: Connecting to serial device /dev/ttyUSB1 115200...
2023.05.19.05.53.29 [DEBUG]: Connected.
2023.05.19.05.53.29 [DEBUG]: Running ifconfig eth0 | grep "inet addr:" | cut -d: -f2 | cut -d " " -f1
2023.05.19.05.53.29 [DEBUG]: 172.20.157.168
2023.05.19.05.53.30 [DEBUG]: ['ifconfig eth0 | grep "inet addr:" | cut -d: -f2 | cut\rt -d " " -f1', '172.20.157.168']
2023.05.19.05.53.30 [DEBUG]: Testing IP 172.20.157.168
2023.05.19.05.53.30 [DEBUG]: Running ping -c 1 172.20.157.168
2023.05.19.05.53.30 [DEBUG]: b'PING 172.20.157.168 (172.20.157.168) 56(84) bytes of data.\n64 bytes from 172.20.157.168: icmp_seq=1 ttl=64 time=0.205 ms\n\n--- 172.20.157.168 ping statistics ---\n1 packets transmitted, 1 received, 0% packet loss, time 0ms\nrtt min/avg/max/mdev = 0.205/0.205/0.205/0.000 ms\n'
2023.05.19.05.53.30 [INFO]: Setting up NFS mount on server.
2023.05.19.05.53.32 [INFO]: Setting up NFS mount on the board.
2023.05.19.05.53.32 [DEBUG]: Connecting to serial device /dev/ttyUSB1 115200...
2023.05.19.05.53.32 [DEBUG]: Connected.
2023.05.19.05.53.32 [DEBUG]: Running mkdir /mnt/test
2023.05.19.05.53.33 [DEBUG]: Connecting to serial device /dev/ttyUSB1 115200...
2023.05.19.05.53.33 [DEBUG]: Connected.
2023.05.19.05.53.33 [DEBUG]: Running mount -t nfs -o nolock,proto=tcp,port=2049 172.20.158.35:/wrk/xcohdnobkup3/tuol/0515_solver_on_board/xf_solver/L2/tests/aie/QRDecomposition_Complex_CASC/package_hw /mnt/test
2023.05.19.05.53.34 [INFO]: DDing the image onto the card.
2023.05.19.05.53.34 [DEBUG]: Setting up SSH Keys...
2023.05.19.05.53.34 [DEBUG]: /wrk/xcohdnobkup3/tuol/0515_solver_on_board/xf_solver/L2/tests/aie/QRDecomposition_Complex_CASC/package_hw
2023.05.19.05.53.34 [DEBUG]: b"Generating public/private rsa key pair.\nYour identification has been saved in ./boardkey.\nYour public key has been saved in ./boardkey.pub.\nThe key fingerprint is:\nSHA256:y0WIJBrs9cpManr3Y5c5s5mKuKk7eWATWuLDKt4TtsQ tuol@xcosdae339\nThe key's randomart image is:\n+---[RSA 2048]----+\n| .. . .          |\n|  .o.o . .       |\n| ... .. . .      |\n|..o . .  .       |\n|+oo= .  S .      |\n|o*oE+  . o       |\n|o== o   oo       |\n|* +=..o *o       |\n|=B++ooo+++       |\n+----[SHA256]-----+\n"
2023.05.19.05.53.34 [DEBUG]: ssh-rsa AAAAB3NzaC1yc2EAAAADAQABAAABAQD48ZGO4hDx92OiEAFRSoCPzv0TVpwY0wxtkmk+2vFxkSDQjQcLKOAwoUJ2RojeypBAb72VvA0P/DooZcrm+qB4XwOngFfG6kT4UgVIpxtbReGtgKxrJYuE4XfeB8bgSO5cJOEcg+HDfDRap5labHh4rF2nIk4kUSkcjEvyNj0zVkGTX+kO5glAqofVHUh4zjdJd1UcVtHsEgxbY63qjoqbuC8LkyBz2ifEDe3sWQa/azyeN7TceAXjq57ojg+fETwGxjsAfsefF8epiWGP8wrWVkRSWYle7lLXRqCWi2AnjWkVPWUs5B70bYPP24d1e6fzgTNNKo2zo3Xwjp5eCa2T tuol@xcosdae339
2023.05.19.05.53.34 [DEBUG]: Copying ssh key to board..
2023.05.19.05.53.34 [DEBUG]: mkdir -p /home/root/.ssh;
2023.05.19.05.53.34 [DEBUG]: Connecting to serial device /dev/ttyUSB1 115200...
2023.05.19.05.53.34 [DEBUG]: Connected.
2023.05.19.05.53.34 [DEBUG]: Running mkdir -p /home/root/.ssh;
2023.05.19.05.53.37 [DEBUG]: echo ssh-rsa AAAAB3NzaC1yc2EAAAADAQABAAABAQD48ZGO4hDx92OiEAFRSoCPzv0TVpwY0wxtkmk+2vFxkSDQjQcLKOAwoUJ2RojeypBAb72VvA0P/DooZcrm+qB4XwOngFfG6kT4UgVIpxtbReGtgKxrJYuE4XfeB8bgSO5cJOEcg+HDfDRap5labHh4rF2nIk4kUSkcjEvyNj0zVkGTX+kO5glAqofVHUh4zjdJd1UcVtHsEgxbY63qjoqbuC8LkyBz2ifEDe3sWQa/azyeN7TceAXjq57ojg+fETwGxjsAfsefF8epiWGP8wrWVkRSWYle7lLXRqCWi2AnjWkVPWUs5B70bYPP24d1e6fzgTNNKo2zo3Xwjp5eCa2T tuol@xcosdae339 > /home/root/.ssh/authorized_keys;
2023.05.19.05.53.37 [DEBUG]: Connecting to serial device /dev/ttyUSB1 115200...
2023.05.19.05.53.37 [DEBUG]: Connected.
2023.05.19.05.53.37 [DEBUG]: Running echo ssh-rsa AAAAB3NzaC1yc2EAAAADAQABAAABAQD48ZGO4hDx92OiEAFRSoCPzv0TVpwY0wxtkmk+2vFxkSDQjQcLKOAwoUJ2RojeypBAb72VvA0P/DooZcrm+qB4XwOngFfG6kT4UgVIpxtbReGtgKxrJYuE4XfeB8bgSO5cJOEcg+HDfDRap5labHh4rF2nIk4kUSkcjEvyNj0zVkGTX+kO5glAqofVHUh4zjdJd1UcVtHsEgxbY63qjoqbuC8LkyBz2ifEDe3sWQa/azyeN7TceAXjq57ojg+fETwGxjsAfsefF8epiWGP8wrWVkRSWYle7lLXRqCWi2AnjWkVPWUs5B70bYPP24d1e6fzgTNNKo2zo3Xwjp5eCa2T tuol@xcosdae339 > /home/root/.ssh/authorized_keys;
2023.05.19.05.53.37 [DEBUG]: echo b'172.20.158.35 ssh-rsa AAAAB3NzaC1yc2EAAAADAQABAAABAQDIQNNOd/ZPLvBslG8lAhlG3//A4wCHCV3dXAg3IMM68LEUIhkRi+FkYddaCZk9LpCpPVcV4qBbAJ9xds4brUDEHOHiqXI1/78XyRU/uQdeAG+/UcQwMtZZvM7VUJzzeAG4Ao2Po+R2zSEBd6R6EHzQOJzsGWjr17n2T6bZ2PwqImfcl12BUDMT3b/aVbKQjSYdEOAuIaT+38LA8MLLkWyvDLH+yHPWqebZ9t9KB6Lq3LoZ3b7FrPC9W/goydZaOdIpFfVl3gGVccWqJwTMwa5fqtVdNkdsNWRwKbjCnfZQptfzVWpbt0frl7dCEauqXFxeMQg4I2veYb7aE+6nJ2I7\n' > /home/root/.ssh/known_hosts;
2023.05.19.05.53.37 [DEBUG]: Connecting to serial device /dev/ttyUSB1 115200...
2023.05.19.05.53.37 [DEBUG]: Connected.
2023.05.19.05.53.37 [DEBUG]: Running echo b'172.20.158.35 ssh-rsa AAAAB3NzaC1yc2EAAAADAQABAAABAQDIQNNOd/ZPLvBslG8lAhlG3//A4wCHCV3dXAg3IMM68LEUIhkRi+FkYddaCZk9LpCpPVcV4qBbAJ9xds4brUDEHOHiqXI1/78XyRU/uQdeAG+/UcQwMtZZvM7VUJzzeAG4Ao2Po+R2zSEBd6R6EHzQOJzsGWjr17n2T6bZ2PwqImfcl12BUDMT3b/aVbKQjSYdEOAuIaT+38LA8MLLkWyvDLH+yHPWqebZ9t9KB6Lq3LoZ3b7FrPC9W/goydZaOdIpFfVl3gGVccWqJwTMwa5fqtVdNkdsNWRwKbjCnfZQptfzVWpbt0frl7dCEauqXFxeMQg4I2veYb7aE+6nJ2I7\n' > /home/root/.ssh/known_hosts;
2023.05.19.05.53.42 [DEBUG]: SSH Keys setup complete.
2023.05.19.05.53.42 [DEBUG]: NO OP - Already know that IP is 172.20.157.168
2023.05.19.05.53.42 [DEBUG]: ssh -i boardkey -o UserKnownHostsFile=/dev/null -o StrictHostKeyChecking=no -q root@172.20.157.168 'dd if=/mnt/test/sd_card.img of=/dev/mmcblk0 bs=131072; sync'
2023.05.19.05.53.42 [DEBUG]: Connecting to serial device /dev/ttyUSB1 115200...
2023.05.19.05.53.42 [DEBUG]: Connected.
2023.05.19.05.54.32 [INFO]: 24200+0 records in
2023.05.19.05.54.32 [INFO]: 24200+0 records out
2023.05.19.06.01.26 [DEBUG]: TIMEOUT set to 0, DURATION 0
2023.05.19.06.01.26 [DEBUG]: Sleeping 5
2023.05.19.06.01.31 [DEBUG]: Connecting to serial device /dev/ttyUSB1 115200...
2023.05.19.06.01.31 [DEBUG]: Connected.
2023.05.19.06.01.32 [DEBUG]: b'PING 172.20.157.168 (172.20.157.168) 56(84) bytes of data.\n64 bytes from 172.20.157.168: icmp_seq=1 ttl=64 time=0.118 ms\n\n--- 172.20.157.168 ping statistics ---\n1 packets transmitted, 1 received, 0% packet loss, time 0ms\nrtt min/avg/max/mdev = 0.118/0.118/0.118/0.000 ms\n'
2023.05.19.06.01.32 [INFO]: 
2023.05.19.06.01.32 [INFO]: DD return code was 0
2023.05.19.06.01.32 [INFO]: running md5sum.
2023.05.19.06.01.32 [DEBUG]: NO OP - SSH Keys already setup.
2023.05.19.06.01.32 [DEBUG]: NO OP - Already know that IP is 172.20.157.168
2023.05.19.06.01.32 [DEBUG]: ssh -i boardkey -o UserKnownHostsFile=/dev/null -o StrictHostKeyChecking=no -q root@172.20.157.168 'umount /media/sd-mmcblk0p1; mount /dev/mmcblk0p1 /media/sd-mmcblk0p1; md5sum /mnt/test/sd_card/BOOT.BIN; md5sum /media/sd-mmcblk0p1/BOOT.BIN; md5sum /mnt/test/sd_card/*.xclbin; md5sum /media/sd-mmcblk0p1/*.xclbin'
2023.05.19.06.01.32 [DEBUG]: Connecting to serial device /dev/ttyUSB1 115200...
2023.05.19.06.01.32 [DEBUG]: Connected.
2023.05.19.06.01.33 [INFO]: umount: /media/sd-mmcblk0p1: no mount point specified.
2023.05.19.06.01.33 [INFO]: mount: /media/sd-mmcblk0p1: mount point does not exist.
2023.05.19.06.01.33 [INFO]: 51367c8e915f7e9eddd4693d67e6223b  /mnt/test/sd_card/BOOT.BIN
2023.05.19.06.01.33 [INFO]: md5sum: can't open '/media/sd-mmcblk0p1/BOOT.BIN': No such file or directory
2023.05.19.06.01.34 [INFO]: 142a5668bca27b1270a32f212466fd9d  /mnt/test/sd_card/test_harness.xclbin
2023.05.19.06.01.34 [INFO]: md5sum: can't open '/media/sd-mmcblk0p1/*.xclbin': No such file or directory
2023.05.19.06.01.34 [DEBUG]: TIMEOUT set to 0, DURATION 0
2023.05.19.06.01.34 [DEBUG]: Sleeping 5
2023.05.19.06.01.39 [DEBUG]: Connecting to serial device /dev/ttyUSB1 115200...
2023.05.19.06.01.39 [DEBUG]: Connected.
2023.05.19.06.01.40 [DEBUG]: b'PING 172.20.157.168 (172.20.157.168) 56(84) bytes of data.\n64 bytes from 172.20.157.168: icmp_seq=1 ttl=64 time=0.117 ms\n\n--- 172.20.157.168 ping statistics ---\n1 packets transmitted, 1 received, 0% packet loss, time 0ms\nrtt min/avg/max/mdev = 0.117/0.117/0.117/0.000 ms\n'
2023.05.19.06.01.40 [INFO]: 
2023.05.19.06.01.40 [INFO]: VBF: /media mount has failed
2023.05.19.06.01.40 [DEBUG]: b'olOff 14\r\nE000: Success\r\n\r\n'
2023.05.19.06.01.47 [DEBUG]: b'olOn 14\r\nE000: Success\r\n\r\n'
2023.05.19.06.01.50 [INFO]: Power cycling complete.
2023.05.19.06.02.30 [INFO]: /bin/bash -c "source /proj/xbuilds/2022.2_daily_latest/installs/lin64/Vitis/2022.2/settings64.sh; xsdb /proj/sdxbf/emhw/board_data/vck190/linux_sdboot.tcl"
2023.05.19.06.02.37 [DEBUG]: Connecting to serial device /dev/ttyUSB1 115200...
2023.05.19.06.02.37 [DEBUG]: Serial read timeout set to 12
2023.05.19.06.02.37 [DEBUG]: Connected.
2023.05.19.06.02.38 [INFO]: .084]Release 2023.1   May  6 2023  -  00:18:11
2023.05.19.06.02.38 [INFO]: [0.119]Platform Version: v2.0 PMC: v2.0, PS: v2.0
2023.05.19.06.02.38 [INFO]: [0.161]BOOTMODE: 0xE, MULTIBOOT: 0xF0000000
2023.05.19.06.02.38 [INFO]: [0.196]****************************************
2023.05.19.06.02.38 [INFO]: [0.421]Non Secure Boot
2023.05.19.06.02.38 [INFO]: [3.326]PLM Initialization Time
2023.05.19.06.02.38 [INFO]: [3.354]***********Boot PDI Load: Started***********
2023.05.19.06.02.38 [INFO]: [3.393]Loading PDI from SD1_LS
2023.05.19.06.02.38 [INFO]: [3.422]Monolithic/Master Device
2023.05.19.06.02.38 [INFO]: [402.209]398.807 ms: PDI initialization time
2023.05.19.06.02.38 [INFO]: [402.250]+++Loading Image#: 0x1, Name: lpd, Id: 0x04210002
2023.05.19.06.02.38 [INFO]: [402.299]---Loading Partition#: 0x1, Id: 0xC
2023.05.19.06.02.38 [INFO]: [455.625] 53.278 ms for Partition#: 0x1, Size: 3024 Bytes
2023.05.19.06.02.38 [INFO]: [460.600]---Loading Partition#: 0x2, Id: 0xB
2023.05.19.06.02.38 [INFO]: [503.482] 38.939 ms for Partition#: 0x2, Size: 64112 Bytes
2023.05.19.06.02.38 [INFO]: [505.976]+++Loading Image#: 0x2, Name: pl_cfi, Id: 0x18700000
2023.05.19.06.02.38 [INFO]: [511.182]---Loading Partition#: 0x3, Id: 0x3
2023.05.19.06.02.39 [INFO]: [1206.807] 691.680 ms for Partition#: 0x3, Size: 1119024 Bytes
2023.05.19.06.02.39 [INFO]: [1209.463]---Loading Partition#: 0x4, Id: 0x5
2023.05.19.06.02.40 [INFO]: [2065.308] 851.817 ms for Partition#: 0x4, Size: 1362864 Bytes
2023.05.19.06.02.40 [INFO]: [2067.973]+++Loading Image#: 0x3, Name: aie_subsys, Id: 0x0421C005
2023.05.19.06.02.40 [INFO]: [2073.778]---Loading Partition#: 0x5, Id: 0x7
2023.05.19.06.02.40 [INFO]: [2082.846] 5.042 ms for Partition#: 0x5, Size: 672 Bytes
2023.05.19.06.02.40 [INFO]: [2085.000]+++Loading Image#: 0x4, Name: fpd, Id: 0x0420C003
2023.05.19.06.02.40 [INFO]: [2090.208]---Loading Partition#: 0x6, Id: 0x8
2023.05.19.06.02.40 [INFO]: [2097.431] 3.196 ms for Partition#: 0x6, Size: 1584 Bytes
2023.05.19.06.02.40 [INFO]: [2099.946]+++Loading Image#: 0x5, Name: apu_subsystem, Id: 0x1C000000
2023.05.19.06.02.40 [INFO]: [2105.734]---Loading Partition#: 0x7, Id: 0x0
2023.05.19.06.02.40 [INFO]: [2124.868] 15.107 ms for Partition#: 0x7, Size: 21824 Bytes
2023.05.19.06.02.40 [INFO]: [2127.268]---Loading Partition#: 0x8, Id: 0x0
2023.05.19.06.02.40 [INFO]: [2167.023] 35.726 ms for Partition#: 0x8, Size: 63440 Bytes
2023.05.19.06.02.40 [INFO]: [2169.423]---Loading Partition#: 0x9, Id: 0x0
2023.05.19.06.02.41 [INFO]: [2796.377] 622.924 ms for Partition#: 0x9, Size: 1086816 Bytes
2023.05.19.06.02.41 [INFO]: [OT9C.08 T*-A ***n***Bon  eDsaloSil cone
2023.05.19.06.02.41 [INFO]: **********
2023.05.19.06.02.41 [INFO]: [2803.576]469.552 ms: ROM Time
2023.05.19.06.02.41 [INFO]: [2806.306]Total PLM Boot Time
2023.05.19.06.02.41 [INFO]: INFO:    BL31: GET_HANDOFF_PARAMS call success=0
2023.05.19.06.02.41 [INFO]: INFO:    BL31: PLM to TF-A handover success 0
2023.05.19.06.02.41 [INFO]: NOTICE:  BL31: Secure code at 0x0
2023.05.19.06.02.41 [INFO]: NOTICE:  BL31: Non secure code at 0x8000000
2023.05.19.06.02.41 [INFO]: NOTICE:  BL31: v2.8(debug):v1.1-11126-gc9b71dc96
2023.05.19.06.02.41 [INFO]: NOTICE:  BL31: Built : 09:24:17, Apr 12 2023
2023.05.19.06.02.41 [INFO]: INFO:    GICv3 with legacy support detected.
2023.05.19.06.02.41 [INFO]: INFO:    ARM GICv3 driver initialized in EL3
2023.05.19.06.02.41 [INFO]: INFO:    Maximum SPI INTID supported: 191
2023.05.19.06.02.41 [INFO]: INFO:    BL31: Initializing runtime services
2023.05.19.06.02.41 [INFO]: INFO:    BL31: cortex_a72: CPU workaround for 859971 was applied
2023.05.19.06.02.41 [INFO]: INFO:    BL31: cortex_a72: CPU workaround for 1319367 was applied
2023.05.19.06.02.41 [INFO]: INFO:    BL31: cortex_a72: CPU workaround for cve_2017_5715 was applied
2023.05.19.06.02.41 [INFO]: INFO:    BL31: cortex_a72: CPU workaround for cve_2018_3639 was applied
2023.05.19.06.02.41 [INFO]: INFO:    BL31: cortex_a72: CPU workaround for cve_2022_23960 was applied
2023.05.19.06.02.41 [INFO]: INFO:    BL31: Preparing for EL3 exit to normal world
2023.05.19.06.02.41 [INFO]: INFO:    Entry point address = 0x8000000
2023.05.19.06.02.41 [INFO]: INFO:    SPSR = 0x3c9
2023.05.19.06.02.41 [INFO]: 
2023.05.19.06.02.41 [INFO]: 
2023.05.19.06.02.41 [INFO]: U-Boot 2023.01 (Mar 29 2023 - 13:08:40 +0000)
2023.05.19.06.02.41 [INFO]: 
2023.05.19.06.02.41 [INFO]: CPU:   Versal
2023.05.19.06.02.41 [INFO]: Silicon: v2
2023.05.19.06.02.41 [INFO]: Chip:  v2
2023.05.19.06.02.41 [INFO]: Model: Xilinx Versal vck190 Eval board revA (QSPI)
2023.05.19.06.02.41 [INFO]: DRAM:  2 GiB (effective 16 GiB)
2023.05.19.06.02.41 [INFO]: EL Level:	EL2
2023.05.19.06.02.41 [INFO]: Core:  43 devices, 22 uclasses, devicetree: board
2023.05.19.06.02.41 [INFO]: MMC:   mmc@f1050000: 0
2023.05.19.06.02.42 [INFO]: Loading Environment from FAT... *** Error - No Valid Environment Area found
2023.05.19.06.02.42 [INFO]: *** Warning - bad env area, using default environment
2023.05.19.06.02.42 [INFO]: 
2023.05.19.06.02.42 [INFO]: In:    serial@ff000000
2023.05.19.06.02.42 [INFO]: Out:   serial@ff000000
2023.05.19.06.02.42 [INFO]: Err:   serial@ff000000
2023.05.19.06.02.42 [INFO]: Bootmode: LVL_SHFT_SD_MODE1
2023.05.19.06.02.42 [INFO]: Net:
2023.05.19.06.02.42 [INFO]: ZYNQ GEM: ff0c0000, mdio bus ff0c0000, phyaddr 1, interface rgmii-id
2023.05.19.06.02.42 [INFO]: 
2023.05.19.06.02.42 [INFO]: Warning: ethernet@ff0c0000 (eth0) using random MAC address - be:43:4b:1e:93:ce
2023.05.19.06.02.42 [INFO]: eth0: ethernet@ff0c0000Get shared mii bus on ethernet@ff0d0000
2023.05.19.06.02.42 [INFO]: 
2023.05.19.06.02.42 [INFO]: ZYNQ GEM: ff0d0000, mdio bus ff0c0000, phyaddr 2, interface rgmii-id
2023.05.19.06.02.42 [INFO]: 
2023.05.19.06.02.42 [INFO]: Warning: ethernet@ff0d0000 (eth1) using random MAC address - 66:e1:fb:f5:3a:4e
2023.05.19.06.02.42 [INFO]: , eth1: ethernet@ff0d0000
2023.05.19.06.02.47 [INFO]: Hit any key to stop autoboot:  5  4  3  2  1  0
2023.05.19.06.02.47 [INFO]: switch to partitions #0, OK
2023.05.19.06.02.47 [INFO]: mmc0 is current device
2023.05.19.06.02.47 [INFO]: Scanning mmc 0:1...
2023.05.19.06.02.47 [INFO]: Found U-Boot script /boot.scr
2023.05.19.06.02.47 [INFO]: 3015 bytes read in 13 ms (225.6 KiB/s)
2023.05.19.06.02.47 [INFO]: ## Executing script at 20000000
2023.05.19.06.02.47 [INFO]: Trying to load boot images from mmc0
2023.05.19.06.02.49 [INFO]: 22268416 bytes read in 1680 ms (12.6 MiB/s)
2023.05.19.06.02.49 [INFO]: ## Flattened Device Tree blob at 00001000
2023.05.19.06.02.49 [INFO]:    Booting using the fdt blob at 0x001000
2023.05.19.06.02.49 [INFO]: Working FDT set to 1000
2023.05.19.06.02.49 [INFO]:    Loading Device Tree to 000000007deba000, end 000000007dec2536 ... OK
2023.05.19.06.02.49 [INFO]: Working FDT set to 7deba000
2023.05.19.06.02.49 [INFO]: 
2023.05.19.06.02.49 [INFO]: Starting kernel ...
2023.05.19.06.02.49 [INFO]: 
2023.05.19.06.02.49 [INFO]: [    0.000000] Booting Linux on physical CPU 0x0000000000 [0x410fd083]
2023.05.19.06.02.49 [INFO]: [    0.000000] Linux version 6.1.5-xilinx-v2023.1 (oe-user@oe-host) (aarch64-xilinx-linux-gcc (GCC) 12.2.0, GNU ld (GNU Binutils) 2.39.0.20220819) #1 SMP Fri Apr 21 07:47:58 UTC 2023
2023.05.19.06.02.49 [INFO]: [    0.000000] Machine model: Xilinx Versal vck190 Eval board revA (QSPI)
2023.05.19.06.02.49 [INFO]: [    0.000000] earlycon: pl11 at MMIO32 0x00000000ff000000 (options '115200n8')
2023.05.19.06.02.49 [INFO]: [    0.000000] printk: bootconsole [pl11] enabled
2023.05.19.06.02.49 [INFO]: [    0.000000] efi: UEFI not found.
2023.05.19.06.02.49 [INFO]: [    0.000000] Zone ranges:
2023.05.19.06.02.49 [INFO]: [    0.000000]   DMA32    [mem 0x0000000000000000-0x00000000ffffffff]
2023.05.19.06.02.49 [INFO]: [    0.000000]   Normal   [mem 0x0000000100000000-0x00000501ffffffff]
2023.05.19.06.02.49 [INFO]: [    0.000000] Movable zone start for each node
2023.05.19.06.02.49 [INFO]: [    0.000000] Early memory node ranges
2023.05.19.06.02.49 [INFO]: [    0.000000]   node   0: [mem 0x0000000000000000-0x000000007fffffff]
2023.05.19.06.02.49 [INFO]: [    0.000000]   node   0: [mem 0x0000000800000000-0x000000097fffffff]
2023.05.19.06.02.49 [INFO]: [    0.000000]   node   0: [mem 0x0000050000000000-0x00000501ffffffff]
2023.05.19.06.02.49 [INFO]: [    0.000000] Initmem setup node 0 [mem 0x0000000000000000-0x00000501ffffffff]
2023.05.19.06.02.49 [INFO]: [    0.000000] cma: Reserved 512 MiB at 0x000000004de00000
2023.05.19.06.02.49 [INFO]: [    0.000000] psci: probing for conduit method from DT.
2023.05.19.06.02.49 [INFO]: [    0.000000] psci: PSCIv1.1 detected in firmware.
2023.05.19.06.02.49 [INFO]: [    0.000000] psci: Using standard PSCI v0.2 function IDs
2023.05.19.06.02.49 [INFO]: [    0.000000] psci: MIGRATE_INFO_TYPE not supported.
2023.05.19.06.02.49 [INFO]: [    0.000000] psci: SMC Calling Convention v1.2
2023.05.19.06.02.49 [INFO]: [    0.000000] percpu: Embedded 18 pages/cpu s35816 r8192 d29720 u73728
2023.05.19.06.02.49 [INFO]: [    0.000000] Detected PIPT I-cache on CPU0
2023.05.19.06.02.49 [INFO]: [    0.000000] CPU features: detected: GIC system register CPU interface
2023.05.19.06.02.49 [INFO]: [    0.000000] CPU features: detected: Spectre-v2
2023.05.19.06.02.49 [INFO]: [    0.000000] CPU features: detected: Spectre-BHB
2023.05.19.06.02.49 [INFO]: [    0.000000] CPU features: detected: ARM erratum 1742098
2023.05.19.06.02.49 [INFO]: [    0.000000] CPU features: detected: ARM errata 1165522, 1319367, or 1530923
2023.05.19.06.02.49 [INFO]: [    0.000000] alternatives: applying boot alternatives
2023.05.19.06.02.49 [INFO]: [    0.000000] Built 1 zonelists, mobility grouping on.  Total pages: 4128768
2023.05.19.06.02.49 [INFO]: [    0.000000] Kernel command line: console=ttyAMA0  earlycon=pl011,mmio32,0xFF000000,115200n8 clk_ignore_unused root=/dev/mmcblk0p2 rw rootwait cma=512M
2023.05.19.06.02.49 [INFO]: [    0.000000] Dentry cache hash table entries: 2097152 (order: 12, 16777216 bytes, linear)
2023.05.19.06.02.49 [INFO]: [    0.000000] Inode-cache hash table entries: 1048576 (order: 11, 8388608 bytes, linear)
2023.05.19.06.02.49 [INFO]: [    0.000000] mem auto-init: stack:all(zero), heap alloc:off, heap free:off
2023.05.19.06.02.49 [INFO]: [    0.000000] software IO TLB: area num 2.
2023.05.19.06.02.49 [INFO]: [    0.000000] software IO TLB: mapped [mem 0x0000000049e00000-0x000000004de00000] (64MB)
2023.05.19.06.02.49 [INFO]: [    0.000000] Memory: 1193280K/16777216K available (14400K kernel code, 1010K rwdata, 4028K rodata, 2176K init, 374K bss, 15059648K reserved, 524288K cma-reserved)
2023.05.19.06.02.49 [INFO]: [    0.000000] rcu: Hierarchical RCU implementation.
2023.05.19.06.02.49 [INFO]: [    0.000000] rcu: 	RCU event tracing is enabled.
2023.05.19.06.02.49 [INFO]: [    0.000000] rcu: 	RCU restricting CPUs from NR_CPUS=16 to nr_cpu_ids=2.
2023.05.19.06.02.49 [INFO]: [    0.000000] rcu: RCU calculated value of scheduler-enlistment delay is 25 jiffies.
2023.05.19.06.02.49 [INFO]: [    0.000000] rcu: Adjusting geometry for rcu_fanout_leaf=16, nr_cpu_ids=2
2023.05.19.06.02.49 [INFO]: [    0.000000] NR_IRQS: 64, nr_irqs: 64, preallocated irqs: 0
2023.05.19.06.02.49 [INFO]: [    0.000000] GICv3: GIC: Using split EOI/Deactivate mode
2023.05.19.06.02.49 [INFO]: [    0.000000] GICv3: 160 SPIs implemented
2023.05.19.06.02.49 [INFO]: [    0.000000] GICv3: 0 Extended SPIs implemented
2023.05.19.06.02.49 [INFO]: [    0.000000] Root IRQ handler: gic_handle_irq
2023.05.19.06.02.49 [INFO]: [    0.000000] GICv3: GICv3 features: 16 PPIs
2023.05.19.06.02.49 [INFO]: [    0.000000] GICv3: CPU0: found redistributor 0 region 0:0x00000000f9080000
2023.05.19.06.02.49 [INFO]: [    0.000000] ITS [mem 0xf9020000-0xf903ffff]
2023.05.19.06.02.49 [INFO]: [    0.000000] ITS@0x00000000f9020000: allocated 65536 Devices @1880000 (flat, esz 8, psz 64K, shr 0)
2023.05.19.06.02.49 [INFO]: [    0.000000] ITS: using cache flushing for cmd queue
2023.05.19.06.02.49 [INFO]: [    0.000000] GICv3: using LPI property table @0x0000000001830000
2023.05.19.06.02.49 [INFO]: [    0.000000] GIC: using cache flushing for LPI property table
2023.05.19.06.02.49 [INFO]: [    0.000000] GICv3: CPU0: using allocated LPI pending table @0x0000000001840000
2023.05.19.06.02.49 [INFO]: [    0.000000] rcu: srcu_init: Setting srcu_struct sizes based on contention.
2023.05.19.06.02.49 [INFO]: [    0.000000] arch_timer: cp15 timer(s) running at 100.00MHz (phys).
2023.05.19.06.02.49 [INFO]: [    0.000000] clocksource: arch_sys_counter: mask: 0x1ffffffffffffff max_cycles: 0x171024e7e0, max_idle_ns: 440795205315 ns
2023.05.19.06.02.49 [INFO]: [    0.000000] sched_clock: 57 bits at 100MHz, resolution 10ns, wraps every 4398046511100ns
2023.05.19.06.02.49 [INFO]: [    0.008364] Console: colour dummy device 80x25
2023.05.19.06.02.49 [INFO]: [    0.012862] Calibrating delay loop (skipped), value calculated using timer frequency.. 200.00 BogoMIPS (lpj=400000)
2023.05.19.06.02.49 [INFO]: [    0.023389] pid_max: default: 32768 minimum: 301
2023.05.19.06.02.49 [INFO]: [    0.028224] Mount-cache hash table entries: 32768 (order: 6, 262144 bytes, linear)
2023.05.19.06.02.49 [INFO]: [    0.035893] Mountpoint-cache hash table entries: 32768 (order: 6, 262144 bytes, linear)
2023.05.19.06.02.49 [INFO]: [    0.044413] cacheinfo: Unable to detect cache hierarchy for CPU 0
2023.05.19.06.02.49 [INFO]: [    0.050933] rcu: Hierarchical SRCU implementation.
2023.05.19.06.02.49 [INFO]: [    0.055765] rcu: 	Max phase no-delay instances is 1000.
2023.05.19.06.02.49 [INFO]: [    0.061154] Platform MSI: gic-its@f9020000 domain created
2023.05.19.06.02.49 [INFO]: [    0.066643] PCI/MSI: /axi/interrupt-controller@f9000000/gic-its@f9020000 domain created
2023.05.19.06.02.49 [INFO]: [    0.074765] EFI services will not be available.
2023.05.19.06.02.49 [INFO]: [    0.079420] smp: Bringing up secondary CPUs ...
2023.05.19.06.02.49 [INFO]: [    0.084340] Detected PIPT I-cache on CPU1
2023.05.19.06.02.49 [INFO]: [    0.084386] cacheinfo: Unable to detect cache hierarchy for CPU 1
2023.05.19.06.02.49 [INFO]: [    0.084393] GICv3: CPU1: found redistributor 1 region 0:0x00000000f90a0000
2023.05.19.06.02.49 [INFO]: [    0.084401] GICv3: CPU1: using allocated LPI pending table @0x0000000001850000
2023.05.19.06.02.49 [INFO]: [    0.084423] CPU1: Booted secondary processor 0x0000000001 [0x410fd083]
2023.05.19.06.02.49 [INFO]: [    0.084473] smp: Brought up 1 node, 2 CPUs
2023.05.19.06.02.49 [INFO]: [    0.119563] SMP: Total of 2 processors activated.
2023.05.19.06.02.49 [INFO]: [    0.124304] CPU features: detected: 32-bit EL0 Support
2023.05.19.06.02.49 [INFO]: [    0.129480] CPU features: detected: CRC32 instructions
2023.05.19.06.02.49 [INFO]: [    0.134700] CPU: All CPU(s) started at EL2
2023.05.19.06.02.49 [INFO]: [    0.138830] alternatives: applying system-wide alternatives
2023.05.19.06.02.49 [INFO]: [    0.145149] devtmpfs: initialized
2023.05.19.06.02.49 [INFO]: [    0.153357] clocksource: jiffies: mask: 0xffffffff max_cycles: 0xffffffff, max_idle_ns: 7645041785100000 ns
2023.05.19.06.02.49 [INFO]: [    0.163203] futex hash table entries: 512 (order: 3, 32768 bytes, linear)
2023.05.19.06.02.49 [INFO]: [    0.174169] pinctrl core: initialized pinctrl subsystem
2023.05.19.06.02.49 [INFO]: [    0.179753] DMI not present or invalid.
2023.05.19.06.02.49 [INFO]: [    0.183907] NET: Registered PF_NETLINK/PF_ROUTE protocol family
2023.05.19.06.02.49 [INFO]: [    0.190410] DMA: preallocated 256 KiB GFP_KERNEL pool for atomic allocations
2023.05.19.06.02.49 [INFO]: [    0.197596] DMA: preallocated 256 KiB GFP_KERNEL|GFP_DMA32 pool for atomic allocations
2023.05.19.06.02.49 [INFO]: [    0.205619] audit: initializing netlink subsys (disabled)
2023.05.19.06.02.49 [INFO]: [    0.211134] audit: type=2000 audit(0.140:1): state=initialized audit_enabled=0 res=1
2023.05.19.06.02.49 [INFO]: [    0.211393] hw-breakpoint: found 6 breakpoint and 4 watchpoint registers.
2023.05.19.06.02.49 [INFO]: [    0.225819] ASID allocator initialised with 65536 entries
2023.05.19.06.02.50 [INFO]: [    0.231345] Serial: AMBA PL011 UART driver
2023.05.19.06.02.50 [INFO]: [    0.245558] HugeTLB: registered 1.00 GiB page size, pre-allocated 0 pages
2023.05.19.06.02.50 [INFO]: [    0.252412] HugeTLB: 16380 KiB vmemmap can be freed for a 1.00 GiB page
2023.05.19.06.02.50 [INFO]: [    0.259093] HugeTLB: registered 32.0 MiB page size, pre-allocated 0 pages
2023.05.19.06.02.50 [INFO]: [    0.265935] HugeTLB: 508 KiB vmemmap can be freed for a 32.0 MiB page
2023.05.19.06.02.50 [INFO]: [    0.272428] HugeTLB: registered 2.00 MiB page size, pre-allocated 0 pages
2023.05.19.06.02.50 [INFO]: [    0.279268] HugeTLB: 28 KiB vmemmap can be freed for a 2.00 MiB page
2023.05.19.06.02.50 [INFO]: [    0.285675] HugeTLB: registered 64.0 KiB page size, pre-allocated 0 pages
2023.05.19.06.02.50 [INFO]: [    0.292516] HugeTLB: 0 KiB vmemmap can be freed for a 64.0 KiB page
2023.05.19.06.02.50 [INFO]: [    0.366874] raid6: neonx8   gen()  4028 MB/s
2023.05.19.06.02.50 [INFO]: [    0.439220] raid6: neonx4   gen()  3933 MB/s
2023.05.19.06.02.50 [INFO]: [    0.511562] raid6: neonx2   gen()  3268 MB/s
2023.05.19.06.02.50 [INFO]: [    0.583906] raid6: neonx1   gen()  2365 MB/s
2023.05.19.06.02.50 [INFO]: [    0.656244] raid6: int64x8  gen()  2266 MB/s
2023.05.19.06.02.50 [INFO]: [    0.728585] raid6: int64x4  gen()  2218 MB/s
2023.05.19.06.02.50 [INFO]: [    0.800920] raid6: int64x2  gen()  2151 MB/s
2023.05.19.06.02.50 [INFO]: [    0.873266] raid6: int64x1  gen()  1642 MB/s
2023.05.19.06.02.50 [INFO]: [    0.877565] raid6: using algorithm neonx8 gen() 4028 MB/s
2023.05.19.06.02.50 [INFO]: [    0.951038] raid6: .... xor() 2856 MB/s, rmw enabled
2023.05.19.06.02.50 [INFO]: [    0.956040] raid6: using neon recovery algorithm
2023.05.19.06.02.50 [INFO]: [    0.961003] iommu: Default domain type: Translated
2023.05.19.06.02.50 [INFO]: [    0.965927] iommu: DMA domain TLB invalidation policy: strict mode
2023.05.19.06.02.50 [INFO]: [    0.972401] SCSI subsystem initialized
2023.05.19.06.02.50 [INFO]: [    0.976288] usbcore: registered new interface driver usbfs
2023.05.19.06.02.50 [INFO]: [    0.981835] usbcore: registered new interface driver hub
2023.05.19.06.02.50 [INFO]: [    0.987202] usbcore: registered new device driver usb
2023.05.19.06.02.50 [INFO]: [    0.992347] mc: Linux media interface: v0.10
2023.05.19.06.02.50 [INFO]: [    0.996666] videodev: Linux video capture interface: v2.00
2023.05.19.06.02.50 [INFO]: [    1.002208] pps_core: LinuxPPS API ver. 1 registered
2023.05.19.06.02.50 [INFO]: [    1.007212] pps_core: Software ver. 5.3.6 - Copyright 2005-2007 Rodolfo Giometti <giometti@linux.it>
2023.05.19.06.02.50 [INFO]: [    1.016428] PTP clock support registered
2023.05.19.06.02.50 [INFO]: [    1.020390] EDAC MC: Ver: 3.0.0
2023.05.19.06.02.50 [INFO]: [    1.023805] zynqmp-ipi-mbox mailbox@ff3f0440: Registered ZynqMP IPI mbox with TX/RX channels.
2023.05.19.06.02.50 [INFO]: [    1.032542] FPGA manager framework
2023.05.19.06.02.50 [INFO]: [    1.036050] Advanced Linux Sound Architecture Driver Initialized.
2023.05.19.06.02.50 [INFO]: [    1.042419] Bluetooth: Core ver 2.22
2023.05.19.06.02.50 [INFO]: [    1.046030] NET: Registered PF_BLUETOOTH protocol family
2023.05.19.06.02.50 [INFO]: [    1.051386] Bluetooth: HCI device and connection manager initialized
2023.05.19.06.02.50 [INFO]: [    1.057793] Bluetooth: HCI socket layer initialized
2023.05.19.06.02.50 [INFO]: [    1.062715] Bluetooth: L2CAP socket layer initialized
2023.05.19.06.02.50 [INFO]: [    1.067814] Bluetooth: SCO socket layer initialized
2023.05.19.06.02.50 [INFO]: [    1.072988] clocksource: Switched to clocksource arch_sys_counter
2023.05.19.06.02.50 [INFO]: [    1.079270] VFS: Disk quotas dquot_6.6.0
2023.05.19.06.02.50 [INFO]: [    1.083247] VFS: Dquot-cache hash table entries: 512 (order 0, 4096 bytes)
2023.05.19.06.02.50 [INFO]: [    1.093788] NET: Registered PF_INET protocol family
2023.05.19.06.02.50 [INFO]: [    1.099051] IP idents hash table entries: 262144 (order: 9, 2097152 bytes, linear)
2023.05.19.06.02.50 [INFO]: [    1.113905] tcp_listen_portaddr_hash hash table entries: 8192 (order: 5, 131072 bytes, linear)
2023.05.19.06.02.50 [INFO]: [    1.122686] Table-perturb hash table entries: 65536 (order: 6, 262144 bytes, linear)
2023.05.19.06.02.50 [INFO]: [    1.130502] TCP established hash table entries: 131072 (order: 8, 1048576 bytes, linear)
2023.05.19.06.02.50 [INFO]: [    1.139254] TCP bind hash table entries: 65536 (order: 9, 2097152 bytes, linear)
2023.05.19.06.02.50 [INFO]: [    1.147844] TCP: Hash tables configured (established 131072 bind 65536)
2023.05.19.06.02.50 [INFO]: [    1.154594] UDP hash table entries: 8192 (order: 6, 262144 bytes, linear)
2023.05.19.06.02.50 [INFO]: [    1.161680] UDP-Lite hash table entries: 8192 (order: 6, 262144 bytes, linear)
2023.05.19.06.02.50 [INFO]: [    1.169281] NET: Registered PF_UNIX/PF_LOCAL protocol family
2023.05.19.06.02.50 [INFO]: [    1.175241] RPC: Registered named UNIX socket transport module.
2023.05.19.06.02.50 [INFO]: [    1.181218] RPC: Registered udp transport module.
2023.05.19.06.02.50 [INFO]: [    1.185959] RPC: Registered tcp transport module.
2023.05.19.06.02.50 [INFO]: [    1.190698] RPC: Registered tcp NFSv4.1 backchannel transport module.
2023.05.19.06.02.50 [INFO]: [    1.197194] PCI: CLS 0 bytes, default 64
2023.05.19.06.02.50 [INFO]: [    1.201509] hw perfevents: enabled with armv8_pmuv3 PMU driver, 7 counters available
2023.05.19.06.02.50 [INFO]: [    1.209864] Initialise system trusted keyrings
2023.05.19.06.02.50 [INFO]: [    1.214439] workingset: timestamp_bits=46 max_order=19 bucket_order=0
2023.05.19.06.02.50 [INFO]: [    1.221418] NFS: Registering the id_resolver key type
2023.05.19.06.02.51 [INFO]: [    1.226539] Key type id_resolver registered
2023.05.19.06.02.51 [INFO]: [    1.230757] Key type id_legacy registered
2023.05.19.06.02.51 [INFO]: [    1.234810] nfs4filelayout_init: NFSv4 File Layout Driver Registering...
2023.05.19.06.02.51 [INFO]: [    1.241567] nfs4flexfilelayout_init: NFSv4 Flexfile Layout Driver Registering...
2023.05.19.06.02.51 [INFO]: [    1.249221] jffs2: version 2.2. (NAND) (SUMMARY)  Â© 2001-2006 Red Hat, Inc.
2023.05.19.06.02.51 [INFO]: [    1.285582] NET: Registered PF_ALG protocol family
2023.05.19.06.02.51 [INFO]: [    1.290418] xor: measuring software checksum speed
2023.05.19.06.02.51 [INFO]: [    1.296763]    8regs           :  6512 MB/sec
2023.05.19.06.02.51 [INFO]: [    1.302550]    32regs          :  7043 MB/sec
2023.05.19.06.02.51 [INFO]: [    1.308658]    arm64_neon      :  5729 MB/sec
2023.05.19.06.02.51 [INFO]: [    1.313049] xor: using function: 32regs (7043 MB/sec)
2023.05.19.06.02.51 [INFO]: [    1.318142] Key type asymmetric registered
2023.05.19.06.02.51 [INFO]: [    1.322275] Asymmetric key parser 'x509' registered
2023.05.19.06.02.51 [INFO]: [    1.327218] Block layer SCSI generic (bsg) driver version 0.4 loaded (major 244)
2023.05.19.06.02.51 [INFO]: [    1.334681] io scheduler mq-deadline registered
2023.05.19.06.02.51 [INFO]: [    1.339249] io scheduler kyber registered
2023.05.19.06.02.51 [INFO]: [    1.345352] irq-xilinx: /axi/interrupt-controller@a5000000: num_irq=32, sw_irq=0, edge=0x0
2023.05.19.06.02.51 [INFO]: [    1.375949] Serial: 8250/16550 driver, 4 ports, IRQ sharing disabled
2023.05.19.06.02.51 [INFO]: [    1.383059] Serial: AMBA driver
2023.05.19.06.02.51 [INFO]: [    1.386704] cacheinfo: Unable to detect cache hierarchy for CPU 0
2023.05.19.06.02.51 [INFO]: [    1.396010] brd: module loaded
2023.05.19.06.02.51 [INFO]: [    1.401262] loop: module loaded
2023.05.19.06.02.51 [INFO]: [    1.406739] tun: Universal TUN/TAP device driver, 1.6
2023.05.19.06.02.51 [INFO]: [    1.411932] CAN device driver interface
2023.05.19.06.02.51 [INFO]: [    1.416100] usbcore: registered new interface driver asix
2023.05.19.06.02.51 [INFO]: [    1.421567] usbcore: registered new interface driver ax88179_178a
2023.05.19.06.02.51 [INFO]: [    1.427729] usbcore: registered new interface driver cdc_ether
2023.05.19.06.02.51 [INFO]: [    1.433619] usbcore: registered new interface driver net1080
2023.05.19.06.02.51 [INFO]: [    1.439334] usbcore: registered new interface driver cdc_subset
2023.05.19.06.02.51 [INFO]: [    1.445316] usbcore: registered new interface driver zaurus
2023.05.19.06.02.51 [INFO]: [    1.450958] usbcore: registered new interface driver cdc_ncm
2023.05.19.06.02.51 [INFO]: [    1.456678] usbcore: registered new interface driver r8153_ecm
2023.05.19.06.02.51 [INFO]: [    1.462930] usbcore: registered new interface driver uas
2023.05.19.06.02.51 [INFO]: [    1.468312] usbcore: registered new interface driver usb-storage
2023.05.19.06.02.51 [INFO]: [    1.474538] i2c_dev: i2c /dev entries driver
2023.05.19.06.02.51 [INFO]: [    1.479779] usbcore: registered new interface driver uvcvideo
2023.05.19.06.02.51 [INFO]: [    1.485839] Bluetooth: HCI UART driver ver 2.3
2023.05.19.06.02.51 [INFO]: [    1.490320] Bluetooth: HCI UART protocol H4 registered
2023.05.19.06.02.51 [INFO]: [    1.495499] Bluetooth: HCI UART protocol BCSP registered
2023.05.19.06.02.51 [INFO]: [    1.500866] Bluetooth: HCI UART protocol LL registered
2023.05.19.06.02.51 [INFO]: [    1.506047] Bluetooth: HCI UART protocol ATH3K registered
2023.05.19.06.02.51 [INFO]: [    1.511495] Bluetooth: HCI UART protocol Three-wire (H5) registered
2023.05.19.06.02.51 [INFO]: [    1.517851] Bluetooth: HCI UART protocol Intel registered
2023.05.19.06.02.51 [INFO]: [    1.523305] Bluetooth: HCI UART protocol QCA registered
2023.05.19.06.02.51 [INFO]: [    1.528588] usbcore: registered new interface driver bcm203x
2023.05.19.06.02.51 [INFO]: [    1.534312] usbcore: registered new interface driver bpa10x
2023.05.19.06.02.51 [INFO]: [    1.539947] usbcore: registered new interface driver bfusb
2023.05.19.06.02.51 [INFO]: [    1.545491] usbcore: registered new interface driver btusb
2023.05.19.06.02.51 [INFO]: [    1.551043] usbcore: registered new interface driver ath3k
2023.05.19.06.02.51 [INFO]: [    1.556716] EDAC ZynqMP-OCM: ECC not enabled - Disabling EDAC driver
2023.05.19.06.02.51 [INFO]: [    1.563374] sdhci: Secure Digital Host Controller Interface driver
2023.05.19.06.02.51 [INFO]: [    1.569613] sdhci: Copyright(c) Pierre Ossman
2023.05.19.06.02.51 [INFO]: [    1.574004] sdhci-pltfm: SDHCI platform and OF driver helper
2023.05.19.06.02.51 [INFO]: [    1.579871] ledtrig-cpu: registered to indicate activity on CPUs
2023.05.19.06.02.51 [INFO]: [    1.585938] SMCCC: SOC_ID: ARCH_SOC_ID not implemented, skipping ....
2023.05.19.06.02.51 [INFO]: [    1.592515] zynqmp_firmware_probe Platform Management API v1.0
2023.05.19.06.02.51 [INFO]: [    1.598448] zynqmp_firmware_probe Trustzone version v1.0
2023.05.19.06.02.51 [INFO]: [    1.604301] xlnx_event_manager xlnx_event_manager: SGI 15 Registered over TF-A
2023.05.19.06.02.51 [INFO]: [    1.611596] xlnx_event_manager xlnx_event_manager: Xilinx Event Management driver probed
2023.05.19.06.02.51 [INFO]: [    1.667389] zynqmp-pinctrl firmware:versal-firmware:pinctrl: This is an experimental solution(hardcoded the MIO ID
2023.05.19.06.02.51 [INFO]: [    1.667389] information) and this solution will be deprecated and use PM interface
2023.05.19.06.02.51 [INFO]: [    1.667389] to get the MIO IDs information
2023.05.19.06.02.51 [INFO]: [    1.707058] securefw securefw: securefw probed
2023.05.19.06.02.51 [INFO]: [[13035.301]XPlmi_IpiDispatchHandler: Warning: IPI command failed for Command ID: 0x1000500
2023.05.19.06.02.51 [INFO]: [13040.463]PLM Warning Status: 0x013000F1
2023.05.19.06.02.51 [INFO]:     1.711745] zynqmp-aes zynqmp-aes.0: AES is not supported on the platform
2023.05.19.06.02.51 [INFO]: [[13053.810]XPlmi_IpiDispatchHandler: Warning: IPI command failed for Command ID: 0x1000500
2023.05.19.06.02.51 [INFO]: [13058.975]PLM Warning Status: 0x013000F1
2023.05.19.06.02.51 [INFO]:     1.730425] zynqmp-sha3-384 zynqmp-sha3-384.0: SHA is not supported on the platform
2023.05.19.06.02.51 [INFO]: [    1.749969] zynqmp_rsa zynqmp_rsa.0: RSA is not supported on the platform
2023.05.19.06.02.51 [INFO]: [    1.756896] usbcore: registered new interface driver usbhid
2023.05.19.06.02.51 [INFO]: [    1.762521] usbhid: USB HID core driver
2023.05.19.06.02.51 [INFO]: [    1.767154] sysmon f1270000.sysmon: Successfully registered Versal Sysmon
2023.05.19.06.02.51 [INFO]: [    1.774325] ARM CCI_500 PMU driver probed
2023.05.19.06.02.51 [INFO]: [    1.774715] fpga_manager fpga0: Xilinx Versal FPGA Manager registered
2023.05.19.06.02.51 [INFO]: [    1.785729] pktgen: Packet Generator for packet performance testing. Version: 2.75
2023.05.19.06.02.51 [INFO]: [    1.793903] Initializing XFRM netlink socket
2023.05.19.06.02.51 [INFO]: [    1.798258] NET: Registered PF_INET6 protocol family
2023.05.19.06.02.51 [INFO]: [    1.803676] Segment Routing with IPv6
2023.05.19.06.02.51 [INFO]: [    1.807395] In-situ OAM (IOAM) with IPv6
2023.05.19.06.02.51 [INFO]: [    1.811409] sit: IPv6, IPv4 and MPLS over IPv4 tunneling driver
2023.05.19.06.02.51 [INFO]: [    1.817643] NET: Registered PF_PACKET protocol family
2023.05.19.06.02.51 [INFO]: [    1.822747] NET: Registered PF_KEY protocol family
2023.05.19.06.02.51 [INFO]: [    1.827587] can: controller area network core
2023.05.19.06.02.51 [INFO]: [    1.831997] NET: Registered PF_CAN protocol family
2023.05.19.06.02.51 [INFO]: [    1.836827] can: raw protocol
2023.05.19.06.02.51 [INFO]: [    1.839816] can: broadcast manager protocol
2023.05.19.06.02.51 [INFO]: [    1.844034] can: netlink gateway - max_hops=1
2023.05.19.06.02.51 [INFO]: [    1.848521] Bluetooth: RFCOMM TTY layer initialized
2023.05.19.06.02.51 [INFO]: [    1.853448] Bluetooth: RFCOMM socket layer initialized
2023.05.19.06.02.51 [INFO]: [    1.858636] Bluetooth: RFCOMM ver 1.11
2023.05.19.06.02.51 [INFO]: [    1.862419] Bluetooth: BNEP (Ethernet Emulation) ver 1.3
2023.05.19.06.02.51 [INFO]: [    1.867773] Bluetooth: BNEP filters: protocol multicast
2023.05.19.06.02.51 [INFO]: [    1.873042] Bluetooth: BNEP socket layer initialized
2023.05.19.06.02.51 [INFO]: [    1.878044] Bluetooth: HIDP (Human Interface Emulation) ver 1.2
2023.05.19.06.02.51 [INFO]: [    1.884017] Bluetooth: HIDP socket layer initialized
2023.05.19.06.02.51 [INFO]: [    1.889043] 8021q: 802.1Q VLAN Support v1.8
2023.05.19.06.02.51 [INFO]: [    1.893355] 9pnet: Installing 9P2000 support
2023.05.19.06.02.51 [INFO]: [    1.897696] Key type dns_resolver registered
2023.05.19.06.02.51 [INFO]: [    1.902117] registered taskstats version 1
2023.05.19.06.02.51 [INFO]: [    1.906249] Loading compiled-in X.509 certificates
2023.05.19.06.02.51 [INFO]: [    1.912924] Btrfs loaded, crc32c=crc32c-generic, zoned=no, fsverity=no
2023.05.19.06.02.51 [INFO]: [    2.143287] ff000000.serial: ttyAMA0 at MMIO 0xff000000 (irq = 20, base_baud = 0) is a PL011 rev3
2023.05.19.06.02.51 [INFO]: [    2.152268] printk: console [ttyAMA0] enabled
2023.05.19.06.02.51 [INFO]: [    2.152268] printk: console [ttyAMA0] enabled
2023.05.19.06.02.51 [INFO]: [    2.161006] printk: bootconsole [pl11] disabled
2023.05.19.06.02.51 [INFO]: [    2.161006] printk: bootconsole [pl11] disabled
2023.05.19.06.02.51 [INFO]: [    2.170572] aie aie0: probe /amba_pl@0/ai_engine@20000000000/aie_aperture@20000000000 failed, no device-name
2023.05.19.06.02.51 [INFO]: [    2.180542] aie aieaperture_0_50: AI engine aperture aieaperture_0_50, id 0x18800000, cols(0, 50) aie_tile_rows(1, 8) memory_tile_rows(0, 0) is probed successfully.
2023.05.19.06.02.51 [INFO]: [    2.195238] xilinx-ai-engine 20000000000.ai_engine: Xilinx AI Engine device 20000000000.ai_engine probed. Device generation: 1. Clock frequency: 1250000000Hz.
2023.05.19.06.02.51 [INFO]: [    2.209498] of-fpga-region fpga: FPGA Region probed
2023.05.19.06.02.51 [INFO]: [    2.214443] irq-xilinx: /axi/interrupt-controller@a4000000: num_irq=32, sw_irq=0, edge=0x0
2023.05.19.06.02.51 [INFO]: [    2.222942] gpio gpiochip0: (pmc_gpio): not an immutable chip, please consider fixing it!
2023.05.19.06.02.52 [INFO]: [    2.233341] spi-nor spi0.0: unrecognized JEDEC id bytes: ff ff ff ff ff ff
2023.05.19.06.02.52 [INFO]: [    2.240955] macb ff0c0000.ethernet: Not enabling partial store and forward
2023.05.19.06.02.52 [INFO]: [    2.251871] macb ff0c0000.ethernet eth0: Cadence GEM rev 0x0107010b at 0xff0c0000 irq 34 (be:43:4b:1e:93:ce)
2023.05.19.06.02.52 [INFO]: [    2.262015] macb ff0d0000.ethernet: Not enabling partial store and forward
2023.05.19.06.02.52 [INFO]: [    2.276948] macb ff0d0000.ethernet eth1: Cadence GEM rev 0x0107010b at 0xff0d0000 irq 35 (66:e1:fb:f5:3a:4e)
2023.05.19.06.02.52 [INFO]: [    2.288742] xhci-hcd xhci-hcd.0.auto: xHCI Host Controller
2023.05.19.06.02.52 [INFO]: [    2.294264] xhci-hcd xhci-hcd.0.auto: new USB bus registered, assigned bus number 1
2023.05.19.06.02.52 [INFO]: [    2.301992] xhci-hcd xhci-hcd.0.auto: USB3 root hub has no ports
2023.05.19.06.02.52 [INFO]: [    2.307996] xhci-hcd xhci-hcd.0.auto: hcc params 0x0238fe65 hci version 0x110 quirks 0x0000000000010810
2023.05.19.06.02.52 [INFO]: [    2.317405] xhci-hcd xhci-hcd.0.auto: irq 36, io mem 0xfe200000
2023.05.19.06.02.52 [INFO]: [    2.323499] usb usb1: New USB device found, idVendor=1d6b, idProduct=0002, bcdDevice= 6.01
2023.05.19.06.02.52 [INFO]: [    2.331776] usb usb1: New USB device strings: Mfr=3, Product=2, SerialNumber=1
2023.05.19.06.02.52 [INFO]: [    2.338995] usb usb1: Product: xHCI Host Controller
2023.05.19.06.02.52 [INFO]: [    2.343867] usb usb1: Manufacturer: Linux 6.1.5-xilinx-v2023.1 xhci-hcd
2023.05.19.06.02.52 [INFO]: [    2.350475] usb usb1: SerialNumber: xhci-hcd.0.auto
2023.05.19.06.02.52 [INFO]: [    2.355653] hub 1-0:1.0: USB hub found
2023.05.19.06.02.52 [INFO]: [    2.359420] hub 1-0:1.0: 1 port detected
2023.05.19.06.02.52 [INFO]: [    2.364151] rtc_zynqmp f12a0000.rtc: registered as rtc0
2023.05.19.06.02.52 [INFO]: [    2.369394] rtc_zynqmp f12a0000.rtc: setting system clock to 2023-05-19T12:02:52 UTC (1684497772)
2023.05.19.06.02.52 [INFO]: [    2.378413] cdns-i2c ff030000.i2c: can't get pinctrl, bus recovery not supported
2023.05.19.06.02.52 [INFO]: [    2.386047] cdns-i2c ff030000.i2c: 400 kHz mmio ff030000 irq 39
2023.05.19.06.02.52 [INFO]: [    2.392127] cdns-i2c f1000000.i2c: can't get pinctrl, bus recovery not supported
2023.05.19.06.02.52 [INFO]: [    2.399718] cdns-i2c f1000000.i2c: 100 kHz mmio f1000000 irq 40
2023.05.19.06.02.52 [INFO]: [    2.406034] cpufreq: cpufreq_online: CPU0: Running at unlisted initial frequency: 1349999 KHz, changing to: 1199999 KHz
2023.05.19.06.02.52 [INFO]: [    2.420058] of_cfs_init
2023.05.19.06.02.52 [INFO]: [    2.422534] of_cfs_init: OK
2023.05.19.06.02.52 [INFO]: [    2.425357] clk: Not disabling unused clocks
2023.05.19.06.02.52 [INFO]: [    2.430004] ALSA device list:
2023.05.19.06.02.52 [INFO]: [    2.432963]   No soundcards found.
2023.05.19.06.02.52 [INFO]: [    2.436708] uart-pl011 ff000000.serial: no DMA platform data
2023.05.19.06.02.52 [INFO]: [    2.450709] mmc0: SDHCI controller on f1050000.mmc [f1050000.mmc] using ADMA 64-bit
2023.05.19.06.02.52 [INFO]: [    2.458476] Waiting for root device /dev/mmcblk0p2...
2023.05.19.06.02.52 [INFO]: [    2.496034] mmc0: new high speed SDHC card at address aaaa
2023.05.19.06.02.52 [INFO]: [    2.501873] mmcblk0: mmc0:aaaa SC32G 29.7 GiB
2023.05.19.06.02.52 [INFO]: [    2.510218]  mmcblk0: p1 p2
2023.05.19.06.02.52 [INFO]: [    2.574832] EXT4-fs (mmcblk0p2): mounted filesystem with ordered data mode. Quota mode: none.
2023.05.19.06.02.52 [INFO]: [    2.583390] VFS: Mounted root (ext4 filesystem) on device 179:2.
2023.05.19.06.02.52 [INFO]: [    2.592740] devtmpfs: mounted
2023.05.19.06.02.52 [INFO]: [    2.596271] Freeing unused kernel memory: 2176K
2023.05.19.06.02.52 [INFO]: [    2.600880] Run /sbin/init as init process
2023.05.19.06.02.52 [INFO]: [    2.979070] systemd[1]: systemd 251.8+ running in system mode (+PAM -AUDIT -SELINUX -APPARMOR +IMA -SMACK +SECCOMP -GCRYPT -GNUTLS -OPENSSL +ACL +BLKID -CURL -ELFUTILS -FIDO2 -IDN2 -IDN -IPTC +KMOD -LIBCRYPTSETUP +LIBFDISK -PCRE2 -PWQUALITY -P11KIT -QRENCODE -TPM2 -BZIP2 -LZ4 -XZ -ZLIB +ZSTD -BPF_FRAMEWORK +XKBCOMMON +UTMP +SYSVINIT default-hierarchy=hybrid)
2023.05.19.06.02.52 [INFO]: [    3.010828] systemd[1]: Detected architecture arm64.
2023.05.19.06.02.52 [INFO]: 
2023.05.19.06.02.52 [INFO]: Welcome to [1mPetaLinux 2023.1+release-S05010539 (langdale)[0m!
2023.05.19.06.02.52 [INFO]: 
2023.05.19.06.02.52 [INFO]: [    3.094575] systemd[1]: Hostname set to <versal-rootfs-common-20231>.
2023.05.19.06.02.52 [INFO]: [    3.112051] systemd[1]: Initializing machine ID from random generator.
2023.05.19.06.02.53 [INFO]: [    3.251483] systemd-sysv-generator[177]: SysV service '/etc/init.d/nfsserver' lacks a native systemd unit file. Automatically generating a unit file for compatibility. Please update package to include a native systemd unit file, in order to make it more safe and robust.
2023.05.19.06.02.53 [INFO]: [    3.277907] systemd-sysv-generator[177]: SysV service '/etc/init.d/inetd.busybox' lacks a native systemd unit file. Automatically generating a unit file for compatibility. Please update package to include a native systemd unit file, in order to make it more safe and robust.
2023.05.19.06.02.53 [INFO]: [    3.303827] systemd-sysv-generator[177]: SysV service '/etc/init.d/sshd' lacks a native systemd unit file. Automatically generating a unit file for compatibility. Please update package to include a native systemd unit file, in order to make it more safe and robust.
